Archive member included to satisfy reference by file (symbol)

C:/ST/STM32CubeIDE_1.9.0/STM32CubeIDE/plugins/com.st.stm32cube.ide.mcu.externaltools.gnu-tools-for-stm32.11.3.rel1.win32_1.1.0.202305231506/tools/bin/../lib/gcc/arm-none-eabi/11.3.1/../../../../arm-none-eabi/lib/thumb/v7e-m+fp/hard\libc_nano.a(libc_a-atoi.o)
                              ./LoRa/RYLR896.o (atoi)
C:/ST/STM32CubeIDE_1.9.0/STM32CubeIDE/plugins/com.st.stm32cube.ide.mcu.externaltools.gnu-tools-for-stm32.11.3.rel1.win32_1.1.0.202305231506/tools/bin/../lib/gcc/arm-none-eabi/11.3.1/../../../../arm-none-eabi/lib/thumb/v7e-m+fp/hard\libc_nano.a(libc_a-exit.o)
                              C:/ST/STM32CubeIDE_1.9.0/STM32CubeIDE/plugins/com.st.stm32cube.ide.mcu.externaltools.gnu-tools-for-stm32.11.3.rel1.win32_1.1.0.202305231506/tools/bin/../lib/gcc/arm-none-eabi/11.3.1/../../../../arm-none-eabi/lib/thumb/v7e-m+fp/hard/crt0.o (exit)
C:/ST/STM32CubeIDE_1.9.0/STM32CubeIDE/plugins/com.st.stm32cube.ide.mcu.externaltools.gnu-tools-for-stm32.11.3.rel1.win32_1.1.0.202305231506/tools/bin/../lib/gcc/arm-none-eabi/11.3.1/../../../../arm-none-eabi/lib/thumb/v7e-m+fp/hard\libc_nano.a(libc_a-itoa.o)
                              ./LoRa/RYLR896.o (itoa)
C:/ST/STM32CubeIDE_1.9.0/STM32CubeIDE/plugins/com.st.stm32cube.ide.mcu.externaltools.gnu-tools-for-stm32.11.3.rel1.win32_1.1.0.202305231506/tools/bin/../lib/gcc/arm-none-eabi/11.3.1/../../../../arm-none-eabi/lib/thumb/v7e-m+fp/hard\libc_nano.a(libc_a-strtol.o)
                              C:/ST/STM32CubeIDE_1.9.0/STM32CubeIDE/plugins/com.st.stm32cube.ide.mcu.externaltools.gnu-tools-for-stm32.11.3.rel1.win32_1.1.0.202305231506/tools/bin/../lib/gcc/arm-none-eabi/11.3.1/../../../../arm-none-eabi/lib/thumb/v7e-m+fp/hard\libc_nano.a(libc_a-atoi.o) (_strtol_r)
C:/ST/STM32CubeIDE_1.9.0/STM32CubeIDE/plugins/com.st.stm32cube.ide.mcu.externaltools.gnu-tools-for-stm32.11.3.rel1.win32_1.1.0.202305231506/tools/bin/../lib/gcc/arm-none-eabi/11.3.1/../../../../arm-none-eabi/lib/thumb/v7e-m+fp/hard\libc_nano.a(libc_a-utoa.o)
                              C:/ST/STM32CubeIDE_1.9.0/STM32CubeIDE/plugins/com.st.stm32cube.ide.mcu.externaltools.gnu-tools-for-stm32.11.3.rel1.win32_1.1.0.202305231506/tools/bin/../lib/gcc/arm-none-eabi/11.3.1/../../../../arm-none-eabi/lib/thumb/v7e-m+fp/hard\libc_nano.a(libc_a-itoa.o) (__utoa)
C:/ST/STM32CubeIDE_1.9.0/STM32CubeIDE/plugins/com.st.stm32cube.ide.mcu.externaltools.gnu-tools-for-stm32.11.3.rel1.win32_1.1.0.202305231506/tools/bin/../lib/gcc/arm-none-eabi/11.3.1/../../../../arm-none-eabi/lib/thumb/v7e-m+fp/hard\libc_nano.a(libc_a-ctype_.o)
                              C:/ST/STM32CubeIDE_1.9.0/STM32CubeIDE/plugins/com.st.stm32cube.ide.mcu.externaltools.gnu-tools-for-stm32.11.3.rel1.win32_1.1.0.202305231506/tools/bin/../lib/gcc/arm-none-eabi/11.3.1/../../../../arm-none-eabi/lib/thumb/v7e-m+fp/hard\libc_nano.a(libc_a-strtol.o) (_ctype_)
C:/ST/STM32CubeIDE_1.9.0/STM32CubeIDE/plugins/com.st.stm32cube.ide.mcu.externaltools.gnu-tools-for-stm32.11.3.rel1.win32_1.1.0.202305231506/tools/bin/../lib/gcc/arm-none-eabi/11.3.1/../../../../arm-none-eabi/lib/thumb/v7e-m+fp/hard\libc_nano.a(libc_a-findfp.o)
                              C:/ST/STM32CubeIDE_1.9.0/STM32CubeIDE/plugins/com.st.stm32cube.ide.mcu.externaltools.gnu-tools-for-stm32.11.3.rel1.win32_1.1.0.202305231506/tools/bin/../lib/gcc/arm-none-eabi/11.3.1/../../../../arm-none-eabi/lib/thumb/v7e-m+fp/hard\libc_nano.a(libc_a-exit.o) (__stdio_exit_handler)
C:/ST/STM32CubeIDE_1.9.0/STM32CubeIDE/plugins/com.st.stm32cube.ide.mcu.externaltools.gnu-tools-for-stm32.11.3.rel1.win32_1.1.0.202305231506/tools/bin/../lib/gcc/arm-none-eabi/11.3.1/../../../../arm-none-eabi/lib/thumb/v7e-m+fp/hard\libc_nano.a(libc_a-fwalk.o)
                              C:/ST/STM32CubeIDE_1.9.0/STM32CubeIDE/plugins/com.st.stm32cube.ide.mcu.externaltools.gnu-tools-for-stm32.11.3.rel1.win32_1.1.0.202305231506/tools/bin/../lib/gcc/arm-none-eabi/11.3.1/../../../../arm-none-eabi/lib/thumb/v7e-m+fp/hard\libc_nano.a(libc_a-findfp.o) (_fwalk_sglue)
C:/ST/STM32CubeIDE_1.9.0/STM32CubeIDE/plugins/com.st.stm32cube.ide.mcu.externaltools.gnu-tools-for-stm32.11.3.rel1.win32_1.1.0.202305231506/tools/bin/../lib/gcc/arm-none-eabi/11.3.1/../../../../arm-none-eabi/lib/thumb/v7e-m+fp/hard\libc_nano.a(libc_a-sprintf.o)
                              ./STRING/STR_Chelo.o (sprintf)
C:/ST/STM32CubeIDE_1.9.0/STM32CubeIDE/plugins/com.st.stm32cube.ide.mcu.externaltools.gnu-tools-for-stm32.11.3.rel1.win32_1.1.0.202305231506/tools/bin/../lib/gcc/arm-none-eabi/11.3.1/../../../../arm-none-eabi/lib/thumb/v7e-m+fp/hard\libc_nano.a(libc_a-stdio.o)
                              C:/ST/STM32CubeIDE_1.9.0/STM32CubeIDE/plugins/com.st.stm32cube.ide.mcu.externaltools.gnu-tools-for-stm32.11.3.rel1.win32_1.1.0.202305231506/tools/bin/../lib/gcc/arm-none-eabi/11.3.1/../../../../arm-none-eabi/lib/thumb/v7e-m+fp/hard\libc_nano.a(libc_a-findfp.o) (__sread)
[...]
Memory Configuration

Name             Origin             Length             Attributes
RAM              0x0000000020000000 0x0000000000020000 xrw
FLASH            0x0000000008000000 0x0000000000080000 xr
*default*        0x0000000000000000 0xffffffffffffffff

Linker script and memory map

LOAD C:/ST/STM32CubeIDE_1.9.0/STM32CubeIDE/plugins/com.st.stm32cube.ide.mcu.externaltools.gnu-tools-for-stm32.11.3.rel1.win32_1.1.0.202305231506/tools/bin/../lib/gcc/arm-none-eabi/11.3.1/thumb/v7e-m+fp/hard/crti.o
LOAD C:/ST/STM32CubeIDE_1.9.0/STM32CubeIDE/plugins/com.st.stm32cube.ide.mcu.externaltools.gnu-tools-for-stm32.11.3.rel1.win32_1.1.0.202305231506/tools/bin/../lib/gcc/arm-none-eabi/11.3.1/thumb/v7e-m+fp/hard/crtbegin.o
LOAD C:/ST/STM32CubeIDE_1.9.0/STM32CubeIDE/plugins/com.st.stm32cube.ide.mcu.externaltools.gnu-tools-for-stm32.11.3.rel1.win32_1.1.0.202305231506/tools/bin/../lib/gcc/arm-none-eabi/11.3.1/../../../../arm-none-eabi/lib/thumb/v7e-m+fp/hard/crt0.o
LOAD ./Core/Src/main.o
LOAD ./Core/Src/stm32f4xx_hal_msp.o
LOAD ./Core/Src/stm32f4xx_it.o
LOAD ./Core/Src/syscalls.o
LOAD ./Core/Src/sysmem.o
LOAD ./Core/Src/system_stm32f4xx.o
LOAD ./Core/Startup/startup_stm32f411ceux.o
LOAD ./Drivers/STM32F4xx_HAL_Driver/Src/stm32f4xx_hal.o
LOAD ./Drivers/STM32F4xx_HAL_Driver/Src/stm32f4xx_hal_cortex.o
LOAD ./Drivers/STM32F4xx_HAL_Driver/Src/stm32f4xx_hal_dma.o
LOAD ./Drivers/STM32F4xx_HAL_Driver/Src/stm32f4xx_hal_dma_ex.o
LOAD ./Drivers/STM32F4xx_HAL_Driver/Src/stm32f4xx_hal_exti.o
LOAD ./Drivers/STM32F4xx_HAL_Driver/Src/stm32f4xx_hal_flash.o
LOAD ./Drivers/STM32F4xx_HAL_Driver/Src/stm32f4xx_hal_flash_ex.o
LOAD ./Drivers/STM32F4xx_HAL_Driver/Src/stm32f4xx_hal_flash_ramfunc.o
LOAD ./Drivers/STM32F4xx_HAL_Driver/Src/stm32f4xx_hal_gpio.o
LOAD ./Drivers/STM32F4xx_HAL_Driver/Src/stm32f4xx_hal_pwr.o
LOAD ./Drivers/STM32F4xx_HAL_Driver/Src/stm32f4xx_hal_pwr_ex.o
LOAD ./Drivers/STM32F4xx_HAL_Driver/Src/stm32f4xx_hal_rcc.o
LOAD ./Drivers/STM32F4xx_HAL_Driver/Src/stm32f4xx_hal_rcc_ex.o
LOAD ./Drivers/STM32F4xx_HAL_Driver/Src/stm32f4xx_hal_spi.o
LOAD ./Drivers/STM32F4xx_HAL_Driver/Src/stm32f4xx_hal_tim.o
LOAD ./Drivers/STM32F4xx_HAL_Driver/Src/stm32f4xx_hal_tim_ex.o
LOAD ./Drivers/STM32F4xx_HAL_Driver/Src/stm32f4xx_hal_uart.o
LOAD ./ESP8266/ESP8266_Chelo.o
LOAD ./HTTP/http.o
LOAD ./LoRa/RYLR896.o
LOAD ./ModBUS/ModBUS_Chelo.o
LOAD ./STM32_ETH_W5500/ETH_W5500.o
LOAD ./STRING/STR_Chelo.o
START GROUP
LOAD C:/ST/STM32CubeIDE_1.9.0/STM32CubeIDE/plugins/com.st.stm32cube.ide.mcu.externaltools.gnu-tools-for-stm32.11.3.rel1.win32_1.1.0.202305231506/tools/bin/../lib/gcc/arm-none-eabi/11.3.1/../../../../arm-none-eabi/lib/thumb/v7e-m+fp/hard\libc_nano.a
LOAD C:/ST/STM32CubeIDE_1.9.0/STM32CubeIDE/plugins/com.st.stm32cube.ide.mcu.externaltools.gnu-tools-for-stm32.11.3.rel1.win32_1.1.0.202305231506/tools/bin/../lib/gcc/arm-none-eabi/11.3.1/../../../../arm-none-eabi/lib/thumb/v7e-m+fp/hard\libm.a
END GROUP
START GROUP
LOAD C:/ST/STM32CubeIDE_1.9.0/STM32CubeIDE/plugins/com.st.stm32cube.ide.mcu.externaltools.gnu-tools-for-stm32.11.3.rel1.win32_1.1.0.202305231506/tools/bin/../lib/gcc/arm-none-eabi/11.3.1/thumb/v7e-m+fp/hard\libgcc.a
LOAD C:/ST/STM32CubeIDE_1.9.0/STM32CubeIDE/plugins/com.st.stm32cube.ide.mcu.externaltools.gnu-tools-for-stm32.11.3.rel1.win32_1.1.0.202305231506/tools/bin/../lib/gcc/arm-none-eabi/11.3.1/../../../../arm-none-eabi/lib/thumb/v7e-m+fp/hard\libc_nano.a
END GROUP
START GROUP
LOAD C:/ST/STM32CubeIDE_1.9.0/STM32CubeIDE/plugins/com.st.stm32cube.ide.mcu.externaltools.gnu-tools-for-stm32.11.3.rel1.win32_1.1.0.202305231506/tools/bin/../lib/gcc/arm-none-eabi/11.3.1/thumb/v7e-m+fp/hard\libgcc.a
LOAD C:/ST/STM32CubeIDE_1.9.0/STM32CubeIDE/plugins/com.st.stm32cube.ide.mcu.externaltools.gnu-tools-for-stm32.11.3.rel1.win32_1.1.0.202305231506/tools/bin/../lib/gcc/arm-none-eabi/11.3.1/../../../../arm-none-eabi/lib/thumb/v7e-m+fp/hard\libc_nano.a
LOAD C:/ST/STM32CubeIDE_1.9.0/STM32CubeIDE/plugins/com.st.stm32cube.ide.mcu.externaltools.gnu-tools-for-stm32.11.3.rel1.win32_1.1.0.202305231506/tools/bin/../lib/gcc/arm-none-eabi/11.3.1/../../../../arm-none-eabi/lib/thumb/v7e-m+fp/hard\libnosys.a
END GROUP
START GROUP
LOAD C:/ST/STM32CubeIDE_1.9.0/STM32CubeIDE/plugins/com.st.stm32cube.ide.mcu.externaltools.gnu-tools-for-stm32.11.3.rel1.win32_1.1.0.202305231506/tools/bin/../lib/gcc/arm-none-eabi/11.3.1/thumb/v7e-m+fp/hard\libgcc.a
LOAD C:/ST/STM32CubeIDE_1.9.0/STM32CubeIDE/plugins/com.st.stm32cube.ide.mcu.externaltools.gnu-tools-for-stm32.11.3.rel1.win32_1.1.0.202305231506/tools/bin/../lib/gcc/arm-none-eabi/11.3.1/../../../../arm-none-eabi/lib/thumb/v7e-m+fp/hard\libc_nano.a
LOAD C:/ST/STM32CubeIDE_1.9.0/STM32CubeIDE/plugins/com.st.stm32cube.ide.mcu.externaltools.gnu-tools-for-stm32.11.3.rel1.win32_1.1.0.202305231506/tools/bin/../lib/gcc/arm-none-eabi/11.3.1/../../../../arm-none-eabi/lib/thumb/v7e-m+fp/hard\libnosys.a
END GROUP
LOAD C:/ST/STM32CubeIDE_1.9.0/STM32CubeIDE/plugins/com.st.stm32cube.ide.mcu.externaltools.gnu-tools-for-stm32.11.3.rel1.win32_1.1.0.202305231506/tools/bin/../lib/gcc/arm-none-eabi/11.3.1/thumb/v7e-m+fp/hard/crtend.o
LOAD C:/ST/STM32CubeIDE_1.9.0/STM32CubeIDE/plugins/com.st.stm32cube.ide.mcu.externaltools.gnu-tools-for-stm32.11.3.rel1.win32_1.1.0.202305231506/tools/bin/../lib/gcc/arm-none-eabi/11.3.1/thumb/v7e-m+fp/hard/crtn.o
                0x0000000020020000                _estack = (ORIGIN (RAM) + LENGTH (RAM))
                0x0000000000000200                _Min_Heap_Size = 0x200
                0x0000000000000400                _Min_Stack_Size = 0x400

.isr_vector     0x0000000008000000      0x198
                0x0000000008000000                . = ALIGN (0x4)
 *(.isr_vector)
 .isr_vector    0x0000000008000000      0x198 ./Core/Startup/startup_stm32f411ceux.o
                0x0000000008000000                g_pfnVectors
                0x0000000008000198                . = ALIGN (0x4)

.text           0x00000000080001a0     0xfc8c
                0x00000000080001a0                . = ALIGN (0x4)
 *(.text)
 .text          0x00000000080001a0       0x40 C:/ST/STM32CubeIDE_1.9.0/STM32CubeIDE/plugins/com.st.stm32cube.ide.mcu.externaltools.gnu-tools-for-stm32.11.3.rel1.win32_1.1.0.202305231506/tools/bin/../lib/gcc/arm-none-eabi/11.3.1/thumb/v7e-m+fp/hard/crtbegin.o
 .text          0x00000000080001e0       0x14 C:/ST/STM32CubeIDE_1.9.0/STM32CubeIDE/plugins/com.st.stm32cube.ide.mcu.externaltools.gnu-tools-for-stm32.11.3.rel1.win32_1.1.0.202305231506/tools/bin/../lib/gcc/arm-none-eabi/11.3.1/../../../../arm-none-eabi/lib/thumb/v7e-m+fp/hard\libc_nano.a(libc_a-strcmp.o)
                0x00000000080001e0                strcmp
 .text          0x00000000080001f4       0x10 C:/ST/STM32CubeIDE_1.9.0/STM32CubeIDE/plugins/com.st.stm32cube.ide.mcu.externaltools.gnu-tools-for-stm32.11.3.rel1.win32_1.1.0.202305231506/tools/bin/../lib/gcc/arm-none-eabi/11.3.1/../../../../arm-none-eabi/lib/thumb/v7e-m+fp/hard\libc_nano.a(libc_a-strlen.o)
                0x00000000080001f4                strlen
 *fill*         0x0000000008000204        0xc 
 .text          0x0000000008000210       0xa0 C:/ST/STM32CubeIDE_1.9.0/STM32CubeIDE/plugins/com.st.stm32cube.ide.mcu.externaltools.gnu-tools-for-stm32.11.3.rel1.win32_1.1.0.202305231506/tools/bin/../lib/gcc/arm-none-eabi/11.3.1/../../../../arm-none-eabi/lib/thumb/v7e-m+fp/hard\libc_nano.a(libc_a-memchr.o)
                0x0000000008000210                memchr
 .text          0x00000000080002b0       0x30 C:/ST/STM32CubeIDE_1.9.0/STM32CubeIDE/plugins/com.st.stm32cube.ide.mcu.externaltools.gnu-tools-for-stm32.11.3.rel1.win32_1.1.0.202305231506/tools/bin/../lib/gcc/arm-none-eabi/11.3.1/thumb/v7e-m+fp/hard\libgcc.a(_aeabi_uldivmod.o)
                0x00000000080002b0                __aeabi_uldivmod
 .text          0x00000000080002e0      0x2c8 C:/ST/STM32CubeIDE_1.9.0/STM32CubeIDE/plugins/com.st.stm32cube.ide.mcu.externaltools.gnu-tools-for-stm32.11.3.rel1.win32_1.1.0.202305231506/tools/bin/../lib/gcc/arm-none-eabi/11.3.1/thumb/v7e-m+fp/hard\libgcc.a(_udivmoddi4.o)
                0x00000000080002e0                __udivmoddi4
 .text          0x00000000080005a8        0x4 C:/ST/STM32CubeIDE_1.9.0/STM32CubeIDE/plugins/com.st.stm32cube.ide.mcu.externaltools.gnu-tools-for-stm32.11.3.rel1.win32_1.1.0.202305231506/tools/bin/../lib/gcc/arm-none-eabi/11.3.1/thumb/v7e-m+fp/hard\libgcc.a(_dvmd_tls.o)
                0x00000000080005a8                __aeabi_idiv0
                0x00000000080005a8                __aeabi_ldiv0
 *(.text*)
 .text.__NVIC_SetPriority
                0x00000000080005ac       0x54 ./Core/Src/main.o
 .text.SysTick_Config
                0x0000000008000600       0x44 ./Core/Src/main.o
 .text.ITM_SendChar
                0x0000000008000644       0x4e ./Core/Src/main.o
 *fill*         0x0000000008000692        0x2 
 .text.main     0x0000000008000694      0x914 ./Core/Src/main.o
                0x0000000008000694                main
 .text.SystemClock_Config
                0x0000000008000fa8       0xd0 ./Core/Src/main.o
                0x0000000008000fa8                SystemClock_Config
 .text.MX_SPI1_Init
                0x0000000008001078       0x6c ./Core/Src/main.o
 .text.MX_TIM2_Init
                0x00000000080010e4       0xf4 ./Core/Src/main.o
 .text.MX_USART1_UART_Init
                0x00000000080011d8       0x54 ./Core/Src/main.o
 .text.MX_GPIO_Init
                0x000000000800122c      0x14c ./Core/Src/main.o
 .text.ITM0_Write
                0x0000000008001378       0x36 ./Core/Src/main.o
                0x0000000008001378                ITM0_Write
 *fill*         0x00000000080013ae        0x2 
 .text.SysTick_Handler
                0x00000000080013b0      0xa8c ./Core/Src/main.o
                0x00000000080013b0                SysTick_Handler
 .text.HAL_UART_ErrorCallback
                0x0000000008001e3c       0x60 ./Core/Src/main.o
                0x0000000008001e3c                HAL_UART_ErrorCallback
 .text.HAL_UART_RxCpltCallback
                0x0000000008001e9c       0x7c ./Core/Src/main.o
                0x0000000008001e9c                HAL_UART_RxCpltCallback
 .text.HAL_TIM_OC_DelayElapsedCallback
                0x0000000008001f18       0xa0 ./Core/Src/main.o
                0x0000000008001f18                HAL_TIM_OC_DelayElapsedCallback
 .text.ESP8266_HW_Init
                0x0000000008001fb8      0x154 ./Core/Src/main.o
                0x0000000008001fb8                ESP8266_HW_Init
 .text.Error_Handler
                0x000000000800210c        0xa ./Core/Src/main.o
                0x000000000800210c                Error_Handler
 *fill*         0x0000000008002116        0x2 
 .text.HAL_MspInit
                0x0000000008002118       0x50 ./Core/Src/stm32f4xx_hal_msp.o
                0x0000000008002118                HAL_MspInit
 .text.HAL_SPI_MspInit
                0x0000000008002168       0x90 ./Core/Src/stm32f4xx_hal_msp.o
                0x0000000008002168                HAL_SPI_MspInit
 .text.HAL_TIM_Base_MspInit
                0x00000000080021f8       0x4c ./Core/Src/stm32f4xx_hal_msp.o
                0x00000000080021f8                HAL_TIM_Base_MspInit
 .text.HAL_UART_MspInit
                0x0000000008002244       0xa0 ./Core/Src/stm32f4xx_hal_msp.o
                0x0000000008002244                HAL_UART_MspInit
 .text.HAL_UART_MspDeInit
                0x00000000080022e4       0x44 ./Core/Src/stm32f4xx_hal_msp.o
                0x00000000080022e4                HAL_UART_MspDeInit
 .text.NMI_Handler
                0x0000000008002328        0x6 ./Core/Src/stm32f4xx_it.o
                0x0000000008002328                NMI_Handler
 .text.HardFault_Handler
                0x000000000800232e        0x6 ./Core/Src/stm32f4xx_it.o
                0x000000000800232e                HardFault_Handler
 .text.MemManage_Handler
                0x0000000008002334        0x6 ./Core/Src/stm32f4xx_it.o
                0x0000000008002334                MemManage_Handler
 .text.BusFault_Handler
                0x000000000800233a        0x6 ./Core/Src/stm32f4xx_it.o
                0x000000000800233a                BusFault_Handler
 .text.UsageFault_Handler
                0x0000000008002340        0x6 ./Core/Src/stm32f4xx_it.o
                0x0000000008002340                UsageFault_Handler
 .text.SVC_Handler
                0x0000000008002346        0xe ./Core/Src/stm32f4xx_it.o
                0x0000000008002346                SVC_Handler
 .text.DebugMon_Handler
                0x0000000008002354        0xe ./Core/Src/stm32f4xx_it.o
                0x0000000008002354                DebugMon_Handler
 .text.PendSV_Handler
                0x0000000008002362        0xe ./Core/Src/stm32f4xx_it.o
                0x0000000008002362                PendSV_Handler
 .text.TIM2_IRQHandler
                0x0000000008002370       0x14 ./Core/Src/stm32f4xx_it.o
                0x0000000008002370                TIM2_IRQHandler
 .text.USART1_IRQHandler
                0x0000000008002384       0x14 ./Core/Src/stm32f4xx_it.o
                0x0000000008002384                USART1_IRQHandler
 .text._getpid  0x0000000008002398       0x10 ./Core/Src/syscalls.o
                0x0000000008002398                _getpid
 .text._kill    0x00000000080023a8       0x20 ./Core/Src/syscalls.o
                0x00000000080023a8                _kill
 .text._exit    0x00000000080023c8       0x14 ./Core/Src/syscalls.o
                0x00000000080023c8                _exit
 .text._read    0x00000000080023dc       0x3a ./Core/Src/syscalls.o
                0x00000000080023dc                _read
 .text._write   0x0000000008002416       0x38 ./Core/Src/syscalls.o
                0x0000000008002416                _write
 .text._close   0x000000000800244e       0x18 ./Core/Src/syscalls.o
                0x000000000800244e                _close
 .text._fstat   0x0000000008002466       0x20 ./Core/Src/syscalls.o
                0x0000000008002466                _fstat
 .text._isatty  0x0000000008002486       0x16 ./Core/Src/syscalls.o
                0x0000000008002486                _isatty
 .text._lseek   0x000000000800249c       0x1a ./Core/Src/syscalls.o
                0x000000000800249c                _lseek
 *fill*         0x00000000080024b6        0x2 
 .text._sbrk    0x00000000080024b8       0x6c ./Core/Src/sysmem.o
                0x00000000080024b8                _sbrk
 .text.SystemInit
                0x0000000008002524       0x24 ./Core/Src/system_stm32f4xx.o
                0x0000000008002524                SystemInit
 .text.Reset_Handler
                0x0000000008002548       0x50 ./Core/Startup/startup_stm32f411ceux.o
                0x0000000008002548                Reset_Handler
 .text.Default_Handler
                0x0000000008002598        0x2 ./Core/Startup/startup_stm32f411ceux.o
                0x0000000008002598                RTC_Alarm_IRQHandler
                0x0000000008002598                EXTI2_IRQHandler
                0x0000000008002598                SPI4_IRQHandler
                0x0000000008002598                TIM1_CC_IRQHandler
                0x0000000008002598                DMA2_Stream5_IRQHandler
                0x0000000008002598                DMA1_Stream5_IRQHandler
                0x0000000008002598                PVD_IRQHandler
                0x0000000008002598                SDIO_IRQHandler
                0x0000000008002598                TAMP_STAMP_IRQHandler
                0x0000000008002598                EXTI3_IRQHandler
                0x0000000008002598                TIM1_UP_TIM10_IRQHandler
                0x0000000008002598                I2C3_ER_IRQHandler
                0x0000000008002598                EXTI0_IRQHandler
                0x0000000008002598                I2C2_EV_IRQHandler
                0x0000000008002598                DMA1_Stream2_IRQHandler
                0x0000000008002598                FPU_IRQHandler
                0x0000000008002598                DMA2_Stream2_IRQHandler
                0x0000000008002598                SPI1_IRQHandler
                0x0000000008002598                TIM1_BRK_TIM9_IRQHandler
                0x0000000008002598                DMA2_Stream3_IRQHandler
                0x0000000008002598                USART6_IRQHandler
                0x0000000008002598                DMA2_Stream0_IRQHandler
                0x0000000008002598                TIM4_IRQHandler
                0x0000000008002598                I2C1_EV_IRQHandler
                0x0000000008002598                DMA1_Stream6_IRQHandler
                0x0000000008002598                DMA1_Stream1_IRQHandler
                0x0000000008002598                TIM3_IRQHandler
                0x0000000008002598                RCC_IRQHandler
                0x0000000008002598                Default_Handler
                0x0000000008002598                EXTI15_10_IRQHandler
                0x0000000008002598                ADC_IRQHandler
                0x0000000008002598                DMA1_Stream7_IRQHandler
                0x0000000008002598                SPI5_IRQHandler
                0x0000000008002598                TIM5_IRQHandler
                0x0000000008002598                DMA2_Stream7_IRQHandler
                0x0000000008002598                I2C3_EV_IRQHandler
                0x0000000008002598                EXTI9_5_IRQHandler
                0x0000000008002598                RTC_WKUP_IRQHandler
                0x0000000008002598                SPI2_IRQHandler
                0x0000000008002598                DMA1_Stream0_IRQHandler
                0x0000000008002598                EXTI4_IRQHandler
                0x0000000008002598                WWDG_IRQHandler
                0x0000000008002598                OTG_FS_WKUP_IRQHandler
                0x0000000008002598                TIM1_TRG_COM_TIM11_IRQHandler
                0x0000000008002598                EXTI1_IRQHandler
                0x0000000008002598                USART2_IRQHandler
                0x0000000008002598                I2C2_ER_IRQHandler
                0x0000000008002598                DMA2_Stream1_IRQHandler
                0x0000000008002598                FLASH_IRQHandler
                0x0000000008002598                DMA2_Stream4_IRQHandler
                0x0000000008002598                OTG_FS_IRQHandler
                0x0000000008002598                SPI3_IRQHandler
                0x0000000008002598                DMA1_Stream4_IRQHandler
                0x0000000008002598                I2C1_ER_IRQHandler
                0x0000000008002598                DMA2_Stream6_IRQHandler
                0x0000000008002598                DMA1_Stream3_IRQHandler
 *fill*         0x000000000800259a        0x2 
 .text.HAL_Init
                0x000000000800259c       0x44 ./Drivers/STM32F4xx_HAL_Driver/Src/stm32f4xx_hal.o
                0x000000000800259c                HAL_Init
 .text.HAL_InitTick
                0x00000000080025e0       0x60 ./Drivers/STM32F4xx_HAL_Driver/Src/stm32f4xx_hal.o
                0x00000000080025e0                HAL_InitTick
 .text.HAL_IncTick
                0x0000000008002640       0x28 ./Drivers/STM32F4xx_HAL_Driver/Src/stm32f4xx_hal.o
                0x0000000008002640                HAL_IncTick
 .text.HAL_GetTick
                0x0000000008002668       0x18 ./Drivers/STM32F4xx_HAL_Driver/Src/stm32f4xx_hal.o
                0x0000000008002668                HAL_GetTick
 .text.HAL_Delay
                0x0000000008002680       0x48 ./Drivers/STM32F4xx_HAL_Driver/Src/stm32f4xx_hal.o
                0x0000000008002680                HAL_Delay
 .text.__NVIC_SetPriorityGrouping
                0x00000000080026c8       0x48 ./Drivers/STM32F4xx_HAL_Driver/Src/stm32f4xx_hal_cortex.o
 .text.__NVIC_GetPriorityGrouping
                0x0000000008002710       0x1c ./Drivers/STM32F4xx_HAL_Driver/Src/stm32f4xx_hal_cortex.o
 .text.__NVIC_EnableIRQ
                0x000000000800272c       0x3c ./Drivers/STM32F4xx_HAL_Driver/Src/stm32f4xx_hal_cortex.o
 .text.__NVIC_DisableIRQ
                0x0000000008002768       0x48 ./Drivers/STM32F4xx_HAL_Driver/Src/stm32f4xx_hal_cortex.o
 .text.__NVIC_SetPriority
                0x00000000080027b0       0x54 ./Drivers/STM32F4xx_HAL_Driver/Src/stm32f4xx_hal_cortex.o
 .text.NVIC_EncodePriority
                0x0000000008002804       0x66 ./Drivers/STM32F4xx_HAL_Driver/Src/stm32f4xx_hal_cortex.o
 *fill*         0x000000000800286a        0x2 
 .text.SysTick_Config
                0x000000000800286c       0x44 ./Drivers/STM32F4xx_HAL_Driver/Src/stm32f4xx_hal_cortex.o
 .text.HAL_NVIC_SetPriorityGrouping
                0x00000000080028b0       0x16 ./Drivers/STM32F4xx_HAL_Driver/Src/stm32f4xx_hal_cortex.o
                0x00000000080028b0                HAL_NVIC_SetPriorityGrouping
 .text.HAL_NVIC_SetPriority
                0x00000000080028c6       0x38 ./Drivers/STM32F4xx_HAL_Driver/Src/stm32f4xx_hal_cortex.o
                0x00000000080028c6                HAL_NVIC_SetPriority
 .text.HAL_NVIC_EnableIRQ
                0x00000000080028fe       0x1c ./Drivers/STM32F4xx_HAL_Driver/Src/stm32f4xx_hal_cortex.o
                0x00000000080028fe                HAL_NVIC_EnableIRQ
 .text.HAL_NVIC_DisableIRQ
                0x000000000800291a       0x1c ./Drivers/STM32F4xx_HAL_Driver/Src/stm32f4xx_hal_cortex.o
                0x000000000800291a                HAL_NVIC_DisableIRQ
 .text.HAL_SYSTICK_Config
                0x0000000008002936       0x18 ./Drivers/STM32F4xx_HAL_Driver/Src/stm32f4xx_hal_cortex.o
                0x0000000008002936                HAL_SYSTICK_Config
 .text.HAL_DMA_Abort
                0x000000000800294e       0xe0 ./Drivers/STM32F4xx_HAL_Driver/Src/stm32f4xx_hal_dma.o
                0x000000000800294e                HAL_DMA_Abort
 .text.HAL_DMA_Abort_IT
                0x0000000008002a2e       0x44 ./Drivers/STM32F4xx_HAL_Driver/Src/stm32f4xx_hal_dma.o
                0x0000000008002a2e                HAL_DMA_Abort_IT
 *fill*         0x0000000008002a72        0x2 
 .text.HAL_GPIO_Init
                0x0000000008002a74      0x308 ./Drivers/STM32F4xx_HAL_Driver/Src/stm32f4xx_hal_gpio.o
                0x0000000008002a74                HAL_GPIO_Init
 .text.HAL_GPIO_DeInit
                0x0000000008002d7c      0x1c8 ./Drivers/STM32F4xx_HAL_Driver/Src/stm32f4xx_hal_gpio.o
                0x0000000008002d7c                HAL_GPIO_DeInit
 .text.HAL_GPIO_WritePin
                0x0000000008002f44       0x32 ./Drivers/STM32F4xx_HAL_Driver/Src/stm32f4xx_hal_gpio.o
                0x0000000008002f44                HAL_GPIO_WritePin
 .text.HAL_GPIO_TogglePin
                0x0000000008002f76       0x34 ./Drivers/STM32F4xx_HAL_Driver/Src/stm32f4xx_hal_gpio.o
                0x0000000008002f76                HAL_GPIO_TogglePin
 *fill*         0x0000000008002faa        0x2 
 .text.HAL_RCC_OscConfig
                0x0000000008002fac      0x4f0 ./Drivers/STM32F4xx_HAL_Driver/Src/stm32f4xx_hal_rcc.o
                0x0000000008002fac                HAL_RCC_OscConfig
 .text.HAL_RCC_ClockConfig
                0x000000000800349c      0x1cc ./Drivers/STM32F4xx_HAL_Driver/Src/stm32f4xx_hal_rcc.o
                0x000000000800349c                HAL_RCC_ClockConfig
 .text.HAL_RCC_GetSysClockFreq
                0x0000000008003668      0x18c ./Drivers/STM32F4xx_HAL_Driver/Src/stm32f4xx_hal_rcc.o
                0x0000000008003668                HAL_RCC_GetSysClockFreq
 .text.HAL_RCC_GetHCLKFreq
                0x00000000080037f4       0x18 ./Drivers/STM32F4xx_HAL_Driver/Src/stm32f4xx_hal_rcc.o
                0x00000000080037f4                HAL_RCC_GetHCLKFreq
 .text.HAL_RCC_GetPCLK1Freq
                0x000000000800380c       0x28 ./Drivers/STM32F4xx_HAL_Driver/Src/stm32f4xx_hal_rcc.o
                0x000000000800380c                HAL_RCC_GetPCLK1Freq
 .text.HAL_RCC_GetPCLK2Freq
                0x0000000008003834       0x28 ./Drivers/STM32F4xx_HAL_Driver/Src/stm32f4xx_hal_rcc.o
                0x0000000008003834                HAL_RCC_GetPCLK2Freq
 .text.HAL_SPI_Init
                0x000000000800385c      0x112 ./Drivers/STM32F4xx_HAL_Driver/Src/stm32f4xx_hal_spi.o
                0x000000000800385c                HAL_SPI_Init
 .text.HAL_SPI_TransmitReceive
                0x000000000800396e      0x344 ./Drivers/STM32F4xx_HAL_Driver/Src/stm32f4xx_hal_spi.o
                0x000000000800396e                HAL_SPI_TransmitReceive
 *fill*         0x0000000008003cb2        0x2 
 .text.SPI_WaitFlagStateUntilTimeout
                0x0000000008003cb4      0x110 ./Drivers/STM32F4xx_HAL_Driver/Src/stm32f4xx_hal_spi.o
 .text.SPI_EndRxTxTransaction
                0x0000000008003dc4       0x84 ./Drivers/STM32F4xx_HAL_Driver/Src/stm32f4xx_hal_spi.o
 .text.HAL_TIM_Base_Init
                0x0000000008003e48       0x9e ./Drivers/STM32F4xx_HAL_Driver/Src/stm32f4xx_hal_tim.o
                0x0000000008003e48                HAL_TIM_Base_Init
 .text.HAL_TIM_OC_Init
                0x0000000008003ee6       0x9e ./Drivers/STM32F4xx_HAL_Driver/Src/stm32f4xx_hal_tim.o
                0x0000000008003ee6                HAL_TIM_OC_Init
 .text.HAL_TIM_OC_MspInit
                0x0000000008003f84       0x14 ./Drivers/STM32F4xx_HAL_Driver/Src/stm32f4xx_hal_tim.o
                0x0000000008003f84                HAL_TIM_OC_MspInit
 .text.HAL_TIM_OC_Start_IT
                0x0000000008003f98      0x1fc ./Drivers/STM32F4xx_HAL_Driver/Src/stm32f4xx_hal_tim.o
                0x0000000008003f98                HAL_TIM_OC_Start_IT
 .text.HAL_TIM_OC_Stop_IT
                0x0000000008004194      0x164 ./Drivers/STM32F4xx_HAL_Driver/Src/stm32f4xx_hal_tim.o
                0x0000000008004194                HAL_TIM_OC_Stop_IT
 .text.HAL_TIM_OnePulse_Init
                0x00000000080042f8       0xa0 ./Drivers/STM32F4xx_HAL_Driver/Src/stm32f4xx_hal_tim.o
                0x00000000080042f8                HAL_TIM_OnePulse_Init
 .text.HAL_TIM_OnePulse_MspInit
                0x0000000008004398       0x14 ./Drivers/STM32F4xx_HAL_Driver/Src/stm32f4xx_hal_tim.o
                0x0000000008004398                HAL_TIM_OnePulse_MspInit
 .text.HAL_TIM_IRQHandler
                0x00000000080043ac      0x210 ./Drivers/STM32F4xx_HAL_Driver/Src/stm32f4xx_hal_tim.o
                0x00000000080043ac                HAL_TIM_IRQHandler
 .text.HAL_TIM_OC_ConfigChannel
                0x00000000080045bc       0xb8 ./Drivers/STM32F4xx_HAL_Driver/Src/stm32f4xx_hal_tim.o
                0x00000000080045bc                HAL_TIM_OC_ConfigChannel
 .text.HAL_TIM_ConfigClockSource
                0x0000000008004674      0x18e ./Drivers/STM32F4xx_HAL_Driver/Src/stm32f4xx_hal_tim.o
                0x0000000008004674                HAL_TIM_ConfigClockSource
 .text.HAL_TIM_PeriodElapsedCallback
                0x0000000008004802       0x14 ./Drivers/STM32F4xx_HAL_Driver/Src/stm32f4xx_hal_tim.o
                0x0000000008004802                HAL_TIM_PeriodElapsedCallback
 .text.HAL_TIM_IC_CaptureCallback
                0x0000000008004816       0x14 ./Drivers/STM32F4xx_HAL_Driver/Src/stm32f4xx_hal_tim.o
                0x0000000008004816                HAL_TIM_IC_CaptureCallback
 .text.HAL_TIM_PWM_PulseFinishedCallback
                0x000000000800482a       0x14 ./Drivers/STM32F4xx_HAL_Driver/Src/stm32f4xx_hal_tim.o
                0x000000000800482a                HAL_TIM_PWM_PulseFinishedCallback
 .text.HAL_TIM_TriggerCallback
                0x000000000800483e       0x14 ./Drivers/STM32F4xx_HAL_Driver/Src/stm32f4xx_hal_tim.o
                0x000000000800483e                HAL_TIM_TriggerCallback
 *fill*         0x0000000008004852        0x2 
 .text.TIM_Base_SetConfig
                0x0000000008004854      0x100 ./Drivers/STM32F4xx_HAL_Driver/Src/stm32f4xx_hal_tim.o
                0x0000000008004854                TIM_Base_SetConfig
 .text.TIM_OC1_SetConfig
                0x0000000008004954       0xcc ./Drivers/STM32F4xx_HAL_Driver/Src/stm32f4xx_hal_tim.o
 .text.TIM_OC2_SetConfig
                0x0000000008004a20       0xd8 ./Drivers/STM32F4xx_HAL_Driver/Src/stm32f4xx_hal_tim.o
                0x0000000008004a20                TIM_OC2_SetConfig
 .text.TIM_OC3_SetConfig
                0x0000000008004af8       0xd4 ./Drivers/STM32F4xx_HAL_Driver/Src/stm32f4xx_hal_tim.o
 .text.TIM_OC4_SetConfig
                0x0000000008004bcc       0xa0 ./Drivers/STM32F4xx_HAL_Driver/Src/stm32f4xx_hal_tim.o
 .text.TIM_TI1_ConfigInputStage
                0x0000000008004c6c       0x5e ./Drivers/STM32F4xx_HAL_Driver/Src/stm32f4xx_hal_tim.o
 .text.TIM_TI2_ConfigInputStage
                0x0000000008004cca       0x60 ./Drivers/STM32F4xx_HAL_Driver/Src/stm32f4xx_hal_tim.o
 .text.TIM_ITRx_SetConfig
                0x0000000008004d2a       0x36 ./Drivers/STM32F4xx_HAL_Driver/Src/stm32f4xx_hal_tim.o
 .text.TIM_ETR_SetConfig
                0x0000000008004d60       0x40 ./Drivers/STM32F4xx_HAL_Driver/Src/stm32f4xx_hal_tim.o
                0x0000000008004d60                TIM_ETR_SetConfig
 .text.TIM_CCxChannelCmd
                0x0000000008004da0       0x4a ./Drivers/STM32F4xx_HAL_Driver/Src/stm32f4xx_hal_tim.o
                0x0000000008004da0                TIM_CCxChannelCmd
 *fill*         0x0000000008004dea        0x2 
 .text.HAL_TIMEx_MasterConfigSynchronization
                0x0000000008004dec       0xdc ./Drivers/STM32F4xx_HAL_Driver/Src/stm32f4xx_hal_tim_ex.o
                0x0000000008004dec                HAL_TIMEx_MasterConfigSynchronization
 .text.HAL_TIMEx_CommutCallback
                0x0000000008004ec8       0x14 ./Drivers/STM32F4xx_HAL_Driver/Src/stm32f4xx_hal_tim_ex.o
                0x0000000008004ec8                HAL_TIMEx_CommutCallback
 .text.HAL_TIMEx_BreakCallback
                0x0000000008004edc       0x14 ./Drivers/STM32F4xx_HAL_Driver/Src/stm32f4xx_hal_tim_ex.o
                0x0000000008004edc                HAL_TIMEx_BreakCallback
 .text.HAL_UART_Init
                0x0000000008004ef0       0x9a ./Drivers/STM32F4xx_HAL_Driver/Src/stm32f4xx_hal_uart.o
                0x0000000008004ef0                HAL_UART_Init
 .text.HAL_UART_DeInit
                0x0000000008004f8a       0x5e ./Drivers/STM32F4xx_HAL_Driver/Src/stm32f4xx_hal_uart.o
                0x0000000008004f8a                HAL_UART_DeInit
 .text.HAL_UART_Transmit
                0x0000000008004fe8      0x124 ./Drivers/STM32F4xx_HAL_Driver/Src/stm32f4xx_hal_uart.o
                0x0000000008004fe8                HAL_UART_Transmit
 .text.HAL_UART_Receive_IT
                0x000000000800510c       0x60 ./Drivers/STM32F4xx_HAL_Driver/Src/stm32f4xx_hal_uart.o
                0x000000000800510c                HAL_UART_Receive_IT
 .text.HAL_UART_IRQHandler
                0x000000000800516c      0x51c ./Drivers/STM32F4xx_HAL_Driver/Src/stm32f4xx_hal_uart.o
                0x000000000800516c                HAL_UART_IRQHandler
 .text.HAL_UART_TxCpltCallback
                0x0000000008005688       0x14 ./Drivers/STM32F4xx_HAL_Driver/Src/stm32f4xx_hal_uart.o
                0x0000000008005688                HAL_UART_TxCpltCallback
 .text.HAL_UARTEx_RxEventCallback
                0x000000000800569c       0x18 ./Drivers/STM32F4xx_HAL_Driver/Src/stm32f4xx_hal_uart.o
                0x000000000800569c                HAL_UARTEx_RxEventCallback
 .text.UART_WaitOnFlagUntilTimeout
                0x00000000080056b4       0xdc ./Drivers/STM32F4xx_HAL_Driver/Src/stm32f4xx_hal_uart.o
 .text.UART_Start_Receive_IT
                0x0000000008005790       0x7c ./Drivers/STM32F4xx_HAL_Driver/Src/stm32f4xx_hal_uart.o
                0x0000000008005790                UART_Start_Receive_IT
 .text.UART_EndRxTransfer
                0x000000000800580c       0xc6 ./Drivers/STM32F4xx_HAL_Driver/Src/stm32f4xx_hal_uart.o
 .text.UART_DMAAbortOnError
                0x00000000080058d2       0x28 ./Drivers/STM32F4xx_HAL_Driver/Src/stm32f4xx_hal_uart.o
 .text.UART_Transmit_IT
                0x00000000080058fa       0xa0 ./Drivers/STM32F4xx_HAL_Driver/Src/stm32f4xx_hal_uart.o
 .text.UART_EndTransmit_IT
                0x000000000800599a       0x30 ./Drivers/STM32F4xx_HAL_Driver/Src/stm32f4xx_hal_uart.o
 .text.UART_Receive_IT
                0x00000000080059ca      0x176 ./Drivers/STM32F4xx_HAL_Driver/Src/stm32f4xx_hal_uart.o
 .text.UART_SetConfig
                0x0000000008005b40      0x4e8 ./Drivers/STM32F4xx_HAL_Driver/Src/stm32f4xx_hal_uart.o
 .text.HW_RESET
                0x0000000008006028       0x50 ./ESP8266/ESP8266_Chelo.o
                0x0000000008006028                HW_RESET
 .text.NOP      0x0000000008006078       0x2c ./ESP8266/ESP8266_Chelo.o
                0x0000000008006078                NOP
 .text.Cambiar_CWMODE
                0x00000000080060a4       0x2c ./ESP8266/ESP8266_Chelo.o
                0x00000000080060a4                Cambiar_CWMODE
 .text.ConectarWIFI
                0x00000000080060d0       0x2c ./ESP8266/ESP8266_Chelo.o
                0x00000000080060d0                ConectarWIFI
 .text.MUX      0x00000000080060fc       0x2c ./ESP8266/ESP8266_Chelo.o
                0x00000000080060fc                MUX
 .text.IPDef    0x0000000008006128       0x2c ./ESP8266/ESP8266_Chelo.o
                0x0000000008006128                IPDef
 .text.DesconectarWIFI
                0x0000000008006154       0x2c ./ESP8266/ESP8266_Chelo.o
                0x0000000008006154                DesconectarWIFI
 .text.ConectarTCP
                0x0000000008006180       0x2c ./ESP8266/ESP8266_Chelo.o
                0x0000000008006180                ConectarTCP
 .text.CrearServidorTCP
                0x00000000080061ac       0x2c ./ESP8266/ESP8266_Chelo.o
                0x00000000080061ac                CrearServidorTCP
 .text.EnviarDatosSRVR
                0x00000000080061d8       0x2c ./ESP8266/ESP8266_Chelo.o
                0x00000000080061d8                EnviarDatosSRVR
 .text.EnviarDatos
                0x0000000008006204       0x2c ./ESP8266/ESP8266_Chelo.o
                0x0000000008006204                EnviarDatos
 .text.Inicializar
                0x0000000008006230      0x194 ./ESP8266/ESP8266_Chelo.o
                0x0000000008006230                Inicializar
 .text.AT_ESP8266_ND
                0x00000000080063c4     0x3200 ./ESP8266/ESP8266_Chelo.o
                0x00000000080063c4                AT_ESP8266_ND
 .text.WiFi_Conn_ND
                0x00000000080095c4     0x18dc ./ESP8266/ESP8266_Chelo.o
                0x00000000080095c4                WiFi_Conn_ND
 .text.httpPOST
                0x000000000800aea0      0x560 ./HTTP/http.o
                0x000000000800aea0                httpPOST
 .text.ModBUS_Config
                0x000000000800b400       0xa8 ./ModBUS/ModBUS_Chelo.o
                0x000000000800b400                ModBUS_Config
 .text.ModBUS_Check
                0x000000000800b4a8       0x3e ./ModBUS/ModBUS_Chelo.o
                0x000000000800b4a8                ModBUS_Check
 .text.ModBUS_Check_tid
                0x000000000800b4e6       0x60 ./ModBUS/ModBUS_Chelo.o
                0x000000000800b4e6                ModBUS_Check_tid
 .text.ModBUS_F03_Assign
                0x000000000800b546       0x5c ./ModBUS/ModBUS_Chelo.o
                0x000000000800b546                ModBUS_F03_Assign
 .text.ModBUS_F03_Read
                0x000000000800b5a2       0x5c ./ModBUS/ModBUS_Chelo.o
                0x000000000800b5a2                ModBUS_F03_Read
 .text.ModBUS_F03_Request
                0x000000000800b5fe       0xac ./ModBUS/ModBUS_Chelo.o
                0x000000000800b5fe                ModBUS_F03_Request
 *fill*         0x000000000800b6aa        0x2 
 .text.ModBUS   0x000000000800b6ac     0x13d4 ./ModBUS/ModBUS_Chelo.o
                0x000000000800b6ac                ModBUS
 .text.SPI_ETH_RESET
                0x000000000800ca80       0x38 ./STM32_ETH_W5500/ETH_W5500.o
                0x000000000800ca80                SPI_ETH_RESET
 .text.SPI_ETH_PHY_RESET
                0x000000000800cab8       0x5e ./STM32_ETH_W5500/ETH_W5500.o
                0x000000000800cab8                SPI_ETH_PHY_RESET
 .text.SPI_ETH  0x000000000800cb16       0x50 ./STM32_ETH_W5500/ETH_W5500.o
                0x000000000800cb16                SPI_ETH
 .text.SPI_ETH_REG
                0x000000000800cb66      0x10c ./STM32_ETH_W5500/ETH_W5500.o
                0x000000000800cb66                SPI_ETH_REG
 .text.SPI_ETH_WR_REG_16
                0x000000000800cc72       0x8e ./STM32_ETH_W5500/ETH_W5500.o
                0x000000000800cc72                SPI_ETH_WR_REG_16
 .text.SPI_ETH_RD_RCV_REG_16
                0x000000000800cd00       0x80 ./STM32_ETH_W5500/ETH_W5500.o
                0x000000000800cd00                SPI_ETH_RD_RCV_REG_16
 .text.SPI_ETH_WR_TX_REG_16
                0x000000000800cd80       0x84 ./STM32_ETH_W5500/ETH_W5500.o
                0x000000000800cd80                SPI_ETH_WR_TX_REG_16
 .text.eth_wr_SOCKET_CMD
                0x000000000800ce04       0x44 ./STM32_ETH_W5500/ETH_W5500.o
                0x000000000800ce04                eth_wr_SOCKET_CMD
 .text.eth_wr_SOCKET_MODE
                0x000000000800ce48       0x44 ./STM32_ETH_W5500/ETH_W5500.o
                0x000000000800ce48                eth_wr_SOCKET_MODE
 .text.eth_init
                0x000000000800ce8c      0x1a4 ./STM32_ETH_W5500/ETH_W5500.o
                0x000000000800ce8c                eth_init
 .text.eth_socket_init
                0x000000000800d030      0x290 ./STM32_ETH_W5500/ETH_W5500.o
                0x000000000800d030                eth_socket_init
 .text.eth_rd_SOCKET_STAT
                0x000000000800d2c0       0x36 ./STM32_ETH_W5500/ETH_W5500.o
                0x000000000800d2c0                eth_rd_SOCKET_STAT
 .text.eth_rd_SOCKET_CMD
                0x000000000800d2f6       0x36 ./STM32_ETH_W5500/ETH_W5500.o
                0x000000000800d2f6                eth_rd_SOCKET_CMD
 .text.eth_rd_SOCKET_DATA
                0x000000000800d32c      0x122 ./STM32_ETH_W5500/ETH_W5500.o
                0x000000000800d32c                eth_rd_SOCKET_DATA
 .text.eth_wr_SOCKET_DATA
                0x000000000800d44e      0x148 ./STM32_ETH_W5500/ETH_W5500.o
                0x000000000800d44e                eth_wr_SOCKET_DATA
 .text.SPI_ETH_SNIFF
                0x000000000800d596      0xc34 ./STM32_ETH_W5500/ETH_W5500.o
                0x000000000800d596                SPI_ETH_SNIFF
 *fill*         0x000000000800e1ca        0x2 
 .text.FT_String_ND
                0x000000000800e1cc      0x664 ./STRING/STR_Chelo.o
                0x000000000800e1cc                FT_String_ND
 .text.INTOA    0x000000000800e830       0x68 ./STRING/STR_Chelo.o
                0x000000000800e830                INTOA
 .text.CopiaVector
                0x000000000800e898       0x96 ./STRING/STR_Chelo.o
                0x000000000800e898                CopiaVector
 .text.atoi     0x000000000800e92e        0x8 C:/ST/STM32CubeIDE_1.9.0/STM32CubeIDE/plugins/com.st.stm32cube.ide.mcu.externaltools.gnu-tools-for-stm32.11.3.rel1.win32_1.1.0.202305231506/tools/bin/../lib/gcc/arm-none-eabi/11.3.1/../../../../arm-none-eabi/lib/thumb/v7e-m+fp/hard\libc_nano.a(libc_a-atoi.o)
                0x000000000800e92e                atoi
 *fill*         0x000000000800e936        0x2 
 .text._strtol_l.constprop.0
                0x000000000800e938      0x104 C:/ST/STM32CubeIDE_1.9.0/STM32CubeIDE/plugins/com.st.stm32cube.ide.mcu.externaltools.gnu-tools-for-stm32.11.3.rel1.win32_1.1.0.202305231506/tools/bin/../lib/gcc/arm-none-eabi/11.3.1/../../../../arm-none-eabi/lib/thumb/v7e-m+fp/hard\libc_nano.a(libc_a-strtol.o)
 .text.strtol   0x000000000800ea3c       0x14 C:/ST/STM32CubeIDE_1.9.0/STM32CubeIDE/plugins/com.st.stm32cube.ide.mcu.externaltools.gnu-tools-for-stm32.11.3.rel1.win32_1.1.0.202305231506/tools/bin/../lib/gcc/arm-none-eabi/11.3.1/../../../../arm-none-eabi/lib/thumb/v7e-m+fp/hard\libc_nano.a(libc_a-strtol.o)
                0x000000000800ea3c                strtol
 .text.std      0x000000000800ea50       0x48 C:/ST/STM32CubeIDE_1.9.0/STM32CubeIDE/plugins/com.st.stm32cube.ide.mcu.externaltools.gnu-tools-for-stm32.11.3.rel1.win32_1.1.0.202305231506/tools/bin/../lib/gcc/arm-none-eabi/11.3.1/../../../../arm-none-eabi/lib/thumb/v7e-m+fp/hard\libc_nano.a(libc_a-findfp.o)
 .text.stdio_exit_handler
                0x000000000800ea98       0x18 C:/ST/STM32CubeIDE_1.9.0/STM32CubeIDE/plugins/com.st.stm32cube.ide.mcu.externaltools.gnu-tools-for-stm32.11.3.rel1.win32_1.1.0.202305231506/tools/bin/../lib/gcc/arm-none-eabi/11.3.1/../../../../arm-none-eabi/lib/thumb/v7e-m+fp/hard\libc_nano.a(libc_a-findfp.o)
 .text.cleanup_stdio
                0x000000000800eab0       0x40 C:/ST/STM32CubeIDE_1.9.0/STM32CubeIDE/plugins/com.st.stm32cube.ide.mcu.externaltools.gnu-tools-for-stm32.11.3.rel1.win32_1.1.0.202305231506/tools/bin/../lib/gcc/arm-none-eabi/11.3.1/../../../../arm-none-eabi/lib/thumb/v7e-m+fp/hard\libc_nano.a(libc_a-findfp.o)
 .text.global_stdio_init.part.0
                0x000000000800eaf0       0x3c C:/ST/STM32CubeIDE_1.9.0/STM32CubeIDE/plugins/com.st.stm32cube.ide.mcu.externaltools.gnu-tools-for-stm32.11.3.rel1.win32_1.1.0.202305231506/tools/bin/../lib/gcc/arm-none-eabi/11.3.1/../../../../arm-none-eabi/lib/thumb/v7e-m+fp/hard\libc_nano.a(libc_a-findfp.o)
 .text.__sfp_lock_acquire
                0x000000000800eb2c        0xc C:/ST/STM32CubeIDE_1.9.0/STM32CubeIDE/plugins/com.st.stm32cube.ide.mcu.externaltools.gnu-tools-for-stm32.11.3.rel1.win32_1.1.0.202305231506/tools/bin/../lib/gcc/arm-none-eabi/11.3.1/../../../../arm-none-eabi/lib/thumb/v7e-m+fp/hard\libc_nano.a(libc_a-findfp.o)
                0x000000000800eb2c                __sfp_lock_acquire
 .text.__sfp_lock_release
                0x000000000800eb38        0xc C:/ST/STM32CubeIDE_1.9.0/STM32CubeIDE/plugins/com.st.stm32cube.ide.mcu.externaltools.gnu-tools-for-stm32.11.3.rel1.win32_1.1.0.202305231506/tools/bin/../lib/gcc/arm-none-eabi/11.3.1/../../../../arm-none-eabi/lib/thumb/v7e-m+fp/hard\libc_nano.a(libc_a-findfp.o)
                0x000000000800eb38                __sfp_lock_release
 .text.__sinit  0x000000000800eb44       0x30 C:/ST/STM32CubeIDE_1.9.0/STM32CubeIDE/plugins/com.st.stm32cube.ide.mcu.externaltools.gnu-tools-for-stm32.11.3.rel1.win32_1.1.0.202305231506/tools/bin/../lib/gcc/arm-none-eabi/11.3.1/../../../../arm-none-eabi/lib/thumb/v7e-m+fp/hard\libc_nano.a(libc_a-findfp.o)
                0x000000000800eb44                __sinit
 .text._fwalk_sglue
                0x000000000800eb74       0x3c C:/ST/STM32CubeIDE_1.9.0/STM32CubeIDE/plugins/com.st.stm32cube.ide.mcu.externaltools.gnu-tools-for-stm32.11.3.rel1.win32_1.1.0.202305231506/tools/bin/../lib/gcc/arm-none-eabi/11.3.1/../../../../arm-none-eabi/lib/thumb/v7e-m+fp/hard\libc_nano.a(libc_a-fwalk.o)
                0x000000000800eb74                _fwalk_sglue
 .text.sprintf  0x000000000800ebb0       0x40 C:/ST/STM32CubeIDE_1.9.0/STM32CubeIDE/plugins/com.st.stm32cube.ide.mcu.externaltools.gnu-tools-for-stm32.11.3.rel1.win32_1.1.0.202305231506/tools/bin/../lib/gcc/arm-none-eabi/11.3.1/../../../../arm-none-eabi/lib/thumb/v7e-m+fp/hard\libc_nano.a(libc_a-sprintf.o)
                0x000000000800ebb0                siprintf
                0x000000000800ebb0                sprintf
 .text.__sread  0x000000000800ebf0       0x22 C:/ST/STM32CubeIDE_1.9.0/STM32CubeIDE/plugins/com.st.stm32cube.ide.mcu.externaltools.gnu-tools-for-stm32.11.3.rel1.win32_1.1.0.202305231506/tools/bin/../lib/gcc/arm-none-eabi/11.3.1/../../../../arm-none-eabi/lib/thumb/v7e-m+fp/hard\libc_nano.a(libc_a-stdio.o)
                0x000000000800ebf0                __sread
 .text.__swrite
                0x000000000800ec12       0x38 C:/ST/STM32CubeIDE_1.9.0/STM32CubeIDE/plugins/com.st.stm32cube.ide.mcu.externaltools.gnu-tools-for-stm32.11.3.rel1.win32_1.1.0.202305231506/tools/bin/../lib/gcc/arm-none-eabi/11.3.1/../../../../arm-none-eabi/lib/thumb/v7e-m+fp/hard\libc_nano.a(libc_a-stdio.o)
                0x000000000800ec12                __swrite
 .text.__sseek  0x000000000800ec4a       0x24 C:/ST/STM32CubeIDE_1.9.0/STM32CubeIDE/plugins/com.st.stm32cube.ide.mcu.externaltools.gnu-tools-for-stm32.11.3.rel1.win32_1.1.0.202305231506/tools/bin/../lib/gcc/arm-none-eabi/11.3.1/../../../../arm-none-eabi/lib/thumb/v7e-m+fp/hard\libc_nano.a(libc_a-stdio.o)
                0x000000000800ec4a                __sseek
 .text.__sclose
                0x000000000800ec6e        0x8 C:/ST/STM32CubeIDE_1.9.0/STM32CubeIDE/plugins/com.st.stm32cube.ide.mcu.externaltools.gnu-tools-for-stm32.11.3.rel1.win32_1.1.0.202305231506/tools/bin/../lib/gcc/arm-none-eabi/11.3.1/../../../../arm-none-eabi/lib/thumb/v7e-m+fp/hard\libc_nano.a(libc_a-stdio.o)
                0x000000000800ec6e                __sclose
 .text.memset   0x000000000800ec76       0x10 C:/ST/STM32CubeIDE_1.9.0/STM32CubeIDE/plugins/com.st.stm32cube.ide.mcu.externaltools.gnu-tools-for-stm32.11.3.rel1.win32_1.1.0.202305231506/tools/bin/../lib/gcc/arm-none-eabi/11.3.1/../../../../arm-none-eabi/lib/thumb/v7e-m+fp/hard\libc_nano.a(libc_a-memset.o)
                0x000000000800ec76                memset
 .text.strncat  0x000000000800ec86       0x26 C:/ST/STM32CubeIDE_1.9.0/STM32CubeIDE/plugins/com.st.stm32cube.ide.mcu.externaltools.gnu-tools-for-stm32.11.3.rel1.win32_1.1.0.202305231506/tools/bin/../lib/gcc/arm-none-eabi/11.3.1/../../../../arm-none-eabi/lib/thumb/v7e-m+fp/hard\libc_nano.a(libc_a-strncat.o)
                0x000000000800ec86                strncat
 .text.strtok   0x000000000800ecac       0x68 C:/ST/STM32CubeIDE_1.9.0/STM32CubeIDE/plugins/com.st.stm32cube.ide.mcu.externaltools.gnu-tools-for-stm32.11.3.rel1.win32_1.1.0.202305231506/tools/bin/../lib/gcc/arm-none-eabi/11.3.1/../../../../arm-none-eabi/lib/thumb/v7e-m+fp/hard\libc_nano.a(libc_a-strtok.o)
                0x000000000800ecac                strtok
 .text.__strtok_r
                0x000000000800ed14       0x50 C:/ST/STM32CubeIDE_1.9.0/STM32CubeIDE/plugins/com.st.stm32cube.ide.mcu.externaltools.gnu-tools-for-stm32.11.3.rel1.win32_1.1.0.202305231506/tools/bin/../lib/gcc/arm-none-eabi/11.3.1/../../../../arm-none-eabi/lib/thumb/v7e-m+fp/hard\libc_nano.a(libc_a-strtok_r.o)
                0x000000000800ed14                __strtok_r
 .text._close_r
                0x000000000800ed64       0x20 C:/ST/STM32CubeIDE_1.9.0/STM32CubeIDE/plugins/com.st.stm32cube.ide.mcu.externaltools.gnu-tools-for-stm32.11.3.rel1.win32_1.1.0.202305231506/tools/bin/../lib/gcc/arm-none-eabi/11.3.1/../../../../arm-none-eabi/lib/thumb/v7e-m+fp/hard\libc_nano.a(libc_a-closer.o)
                0x000000000800ed64                _close_r
 .text._lseek_r
                0x000000000800ed84       0x24 C:/ST/STM32CubeIDE_1.9.0/STM32CubeIDE/plugins/com.st.stm32cube.ide.mcu.externaltools.gnu-tools-for-stm32.11.3.rel1.win32_1.1.0.202305231506/tools/bin/../lib/gcc/arm-none-eabi/11.3.1/../../../../arm-none-eabi/lib/thumb/v7e-m+fp/hard\libc_nano.a(libc_a-lseekr.o)
                0x000000000800ed84                _lseek_r
 .text._read_r  0x000000000800eda8       0x24 C:/ST/STM32CubeIDE_1.9.0/STM32CubeIDE/plugins/com.st.stm32cube.ide.mcu.externaltools.gnu-tools-for-stm32.11.3.rel1.win32_1.1.0.202305231506/tools/bin/../lib/gcc/arm-none-eabi/11.3.1/../../../../arm-none-eabi/lib/thumb/v7e-m+fp/hard\libc_nano.a(libc_a-readr.o)
                0x000000000800eda8                _read_r
 .text._write_r
                0x000000000800edcc       0x24 C:/ST/STM32CubeIDE_1.9.0/STM32CubeIDE/plugins/com.st.stm32cube.ide.mcu.externaltools.gnu-tools-for-stm32.11.3.rel1.win32_1.1.0.202305231506/tools/bin/../lib/gcc/arm-none-eabi/11.3.1/../../../../arm-none-eabi/lib/thumb/v7e-m+fp/hard\libc_nano.a(libc_a-writer.o)
                0x000000000800edcc                _write_r
 .text.__errno  0x000000000800edf0        0xc C:/ST/STM32CubeIDE_1.9.0/STM32CubeIDE/plugins/com.st.stm32cube.ide.mcu.externaltools.gnu-tools-for-stm32.11.3.rel1.win32_1.1.0.202305231506/tools/bin/../lib/gcc/arm-none-eabi/11.3.1/../../../../arm-none-eabi/lib/thumb/v7e-m+fp/hard\libc_nano.a(libc_a-errno.o)
                0x000000000800edf0                __errno
 .text.__libc_init_array
                0x000000000800edfc       0x48 C:/ST/STM32CubeIDE_1.9.0/STM32CubeIDE/plugins/com.st.stm32cube.ide.mcu.externaltools.gnu-tools-for-stm32.11.3.rel1.win32_1.1.0.202305231506/tools/bin/../lib/gcc/arm-none-eabi/11.3.1/../../../../arm-none-eabi/lib/thumb/v7e-m+fp/hard\libc_nano.a(libc_a-init.o)
                0x000000000800edfc                __libc_init_array
 .text.__retarget_lock_acquire_recursive
                0x000000000800ee44        0x2 C:/ST/STM32CubeIDE_1.9.0/STM32CubeIDE/plugins/com.st.stm32cube.ide.mcu.externaltools.gnu-tools-for-stm32.11.3.rel1.win32_1.1.0.202305231506/tools/bin/../lib/gcc/arm-none-eabi/11.3.1/../../../../arm-none-eabi/lib/thumb/v7e-m+fp/hard\libc_nano.a(libc_a-lock.o)
                0x000000000800ee44                __retarget_lock_acquire_recursive
 .text.__retarget_lock_release_recursive
                0x000000000800ee46        0x2 C:/ST/STM32CubeIDE_1.9.0/STM32CubeIDE/plugins/com.st.stm32cube.ide.mcu.externaltools.gnu-tools-for-stm32.11.3.rel1.win32_1.1.0.202305231506/tools/bin/../lib/gcc/arm-none-eabi/11.3.1/../../../../arm-none-eabi/lib/thumb/v7e-m+fp/hard\libc_nano.a(libc_a-lock.o)
                0x000000000800ee46                __retarget_lock_release_recursive
 .text.strcpy   0x000000000800ee48       0x10 C:/ST/STM32CubeIDE_1.9.0/STM32CubeIDE/plugins/com.st.stm32cube.ide.mcu.externaltools.gnu-tools-for-stm32.11.3.rel1.win32_1.1.0.202305231506/tools/bin/../lib/gcc/arm-none-eabi/11.3.1/../../../../arm-none-eabi/lib/thumb/v7e-m+fp/hard\libc_nano.a(libc_a-strcpy.o)
                0x000000000800ee48                strcpy
 .text.__assert_func
                0x000000000800ee58       0x3c C:/ST/STM32CubeIDE_1.9.0/STM32CubeIDE/plugins/com.st.stm32cube.ide.mcu.externaltools.gnu-tools-for-stm32.11.3.rel1.win32_1.1.0.202305231506/tools/bin/../lib/gcc/arm-none-eabi/11.3.1/../../../../arm-none-eabi/lib/thumb/v7e-m+fp/hard\libc_nano.a(libc_a-assert.o)
                0x000000000800ee58                __assert_func
 .text._free_r  0x000000000800ee94       0x98 C:/ST/STM32CubeIDE_1.9.0/STM32CubeIDE/plugins/com.st.stm32cube.ide.mcu.externaltools.gnu-tools-for-stm32.11.3.rel1.win32_1.1.0.202305231506/tools/bin/../lib/gcc/arm-none-eabi/11.3.1/../../../../arm-none-eabi/lib/thumb/v7e-m+fp/hard\libc_nano.a(libc_a-freer.o)
                0x000000000800ee94                _free_r
 .text.malloc   0x000000000800ef2c       0x10 C:/ST/STM32CubeIDE_1.9.0/STM32CubeIDE/plugins/com.st.stm32cube.ide.mcu.externaltools.gnu-tools-for-stm32.11.3.rel1.win32_1.1.0.202305231506/tools/bin/../lib/gcc/arm-none-eabi/11.3.1/../../../../arm-none-eabi/lib/thumb/v7e-m+fp/hard\libc_nano.a(libc_a-malloc.o)
                0x000000000800ef2c                malloc
 .text.sbrk_aligned
                0x000000000800ef3c       0x40 C:/ST/STM32CubeIDE_1.9.0/STM32CubeIDE/plugins/com.st.stm32cube.ide.mcu.externaltools.gnu-tools-for-stm32.11.3.rel1.win32_1.1.0.202305231506/tools/bin/../lib/gcc/arm-none-eabi/11.3.1/../../../../arm-none-eabi/lib/thumb/v7e-m+fp/hard\libc_nano.a(libc_a-mallocr.o)
 .text._malloc_r
                0x000000000800ef7c      0x100 C:/ST/STM32CubeIDE_1.9.0/STM32CubeIDE/plugins/com.st.stm32cube.ide.mcu.externaltools.gnu-tools-for-stm32.11.3.rel1.win32_1.1.0.202305231506/tools/bin/../lib/gcc/arm-none-eabi/11.3.1/../../../../arm-none-eabi/lib/thumb/v7e-m+fp/hard\libc_nano.a(libc_a-mallocr.o)
                0x000000000800ef7c                _malloc_r
 .text.__malloc_lock
                0x000000000800f07c        0xc C:/ST/STM32CubeIDE_1.9.0/STM32CubeIDE/plugins/com.st.stm32cube.ide.mcu.externaltools.gnu-tools-for-stm32.11.3.rel1.win32_1.1.0.202305231506/tools/bin/../lib/gcc/arm-none-eabi/11.3.1/../../../../arm-none-eabi/lib/thumb/v7e-m+fp/hard\libc_nano.a(libc_a-mlock.o)
                0x000000000800f07c                __malloc_lock
 .text.__malloc_unlock
                0x000000000800f088        0xc C:/ST/STM32CubeIDE_1.9.0/STM32CubeIDE/plugins/com.st.stm32cube.ide.mcu.externaltools.gnu-tools-for-stm32.11.3.rel1.win32_1.1.0.202305231506/tools/bin/../lib/gcc/arm-none-eabi/11.3.1/../../../../arm-none-eabi/lib/thumb/v7e-m+fp/hard\libc_nano.a(libc_a-mlock.o)
                0x000000000800f088                __malloc_unlock
 .text.__ssputs_r
                0x000000000800f094       0xb4 C:/ST/STM32CubeIDE_1.9.0/STM32CubeIDE/plugins/com.st.stm32cube.ide.mcu.externaltools.gnu-tools-for-stm32.11.3.rel1.win32_1.1.0.202305231506/tools/bin/../lib/gcc/arm-none-eabi/11.3.1/../../../../arm-none-eabi/lib/thumb/v7e-m+fp/hard\libc_nano.a(libc_a-nano-svfprintf.o)
                0x000000000800f094                __ssputs_r
 .text._svfprintf_r
                0x000000000800f148      0x1fc C:/ST/STM32CubeIDE_1.9.0/STM32CubeIDE/plugins/com.st.stm32cube.ide.mcu.externaltools.gnu-tools-for-stm32.11.3.rel1.win32_1.1.0.202305231506/tools/bin/../lib/gcc/arm-none-eabi/11.3.1/../../../../arm-none-eabi/lib/thumb/v7e-m+fp/hard\libc_nano.a(libc_a-nano-svfprintf.o)
                0x000000000800f148                _svfiprintf_r
                0x000000000800f148                _svfprintf_r
 .text._printf_common
                0x000000000800f344       0xda C:/ST/STM32CubeIDE_1.9.0/STM32CubeIDE/plugins/com.st.stm32cube.ide.mcu.externaltools.gnu-tools-for-stm32.11.3.rel1.win32_1.1.0.202305231506/tools/bin/../lib/gcc/arm-none-eabi/11.3.1/../../../../arm-none-eabi/lib/thumb/v7e-m+fp/hard\libc_nano.a(libc_a-nano-vfprintf_i.o)
                0x000000000800f344                _printf_common
 *fill*         0x000000000800f41e        0x2 
 .text._printf_i
                0x000000000800f420      0x244 C:/ST/STM32CubeIDE_1.9.0/STM32CubeIDE/plugins/com.st.stm32cube.ide.mcu.externaltools.gnu-tools-for-stm32.11.3.rel1.win32_1.1.0.202305231506/tools/bin/../lib/gcc/arm-none-eabi/11.3.1/../../../../arm-none-eabi/lib/thumb/v7e-m+fp/hard\libc_nano.a(libc_a-nano-vfprintf_i.o)
                0x000000000800f420                _printf_i
 .text.__sflush_r
                0x000000000800f664      0x10c C:/ST/STM32CubeIDE_1.9.0/STM32CubeIDE/plugins/com.st.stm32cube.ide.mcu.externaltools.gnu-tools-for-stm32.11.3.rel1.win32_1.1.0.202305231506/tools/bin/../lib/gcc/arm-none-eabi/11.3.1/../../../../arm-none-eabi/lib/thumb/v7e-m+fp/hard\libc_nano.a(libc_a-fflush.o)
                0x000000000800f664                __sflush_r
 .text._fflush_r
                0x000000000800f770       0x50 C:/ST/STM32CubeIDE_1.9.0/STM32CubeIDE/plugins/com.st.stm32cube.ide.mcu.externaltools.gnu-tools-for-stm32.11.3.rel1.win32_1.1.0.202305231506/tools/bin/../lib/gcc/arm-none-eabi/11.3.1/../../../../arm-none-eabi/lib/thumb/v7e-m+fp/hard\libc_nano.a(libc_a-fflush.o)
                0x000000000800f770                _fflush_r
 .text.fprintf  0x000000000800f7c0       0x24 C:/ST/STM32CubeIDE_1.9.0/STM32CubeIDE/plugins/com.st.stm32cube.ide.mcu.externaltools.gnu-tools-for-stm32.11.3.rel1.win32_1.1.0.202305231506/tools/bin/../lib/gcc/arm-none-eabi/11.3.1/../../../../arm-none-eabi/lib/thumb/v7e-m+fp/hard\libc_nano.a(libc_a-fprintf.o)
                0x000000000800f7c0                fiprintf
                0x000000000800f7c0                fprintf
 .text.memmove  0x000000000800f7e4       0x34 C:/ST/STM32CubeIDE_1.9.0/STM32CubeIDE/plugins/com.st.stm32cube.ide.mcu.externaltools.gnu-tools-for-stm32.11.3.rel1.win32_1.1.0.202305231506/tools/bin/../lib/gcc/arm-none-eabi/11.3.1/../../../../arm-none-eabi/lib/thumb/v7e-m+fp/hard\libc_nano.a(libc_a-memmove.o)
                0x000000000800f7e4                memmove
 .text._sbrk_r  0x000000000800f818       0x20 C:/ST/STM32CubeIDE_1.9.0/STM32CubeIDE/plugins/com.st.stm32cube.ide.mcu.externaltools.gnu-tools-for-stm32.11.3.rel1.win32_1.1.0.202305231506/tools/bin/../lib/gcc/arm-none-eabi/11.3.1/../../../../arm-none-eabi/lib/thumb/v7e-m+fp/hard\libc_nano.a(libc_a-sbrkr.o)
                0x000000000800f818                _sbrk_r
 .text.memcpy   0x000000000800f838       0x1c C:/ST/STM32CubeIDE_1.9.0/STM32CubeIDE/plugins/com.st.stm32cube.ide.mcu.externaltools.gnu-tools-for-stm32.11.3.rel1.win32_1.1.0.202305231506/tools/bin/../lib/gcc/arm-none-eabi/11.3.1/../../../../arm-none-eabi/lib/thumb/v7e-m+fp/hard\libc_nano.a(libc_a-memcpy-stub.o)
                0x000000000800f838                memcpy
 .text.abort    0x000000000800f854        0xe C:/ST/STM32CubeIDE_1.9.0/STM32CubeIDE/plugins/com.st.stm32cube.ide.mcu.externaltools.gnu-tools-for-stm32.11.3.rel1.win32_1.1.0.202305231506/tools/bin/../lib/gcc/arm-none-eabi/11.3.1/../../../../arm-none-eabi/lib/thumb/v7e-m+fp/hard\libc_nano.a(libc_a-abort.o)
                0x000000000800f854                abort
 .text._realloc_r
                0x000000000800f862       0x5e C:/ST/STM32CubeIDE_1.9.0/STM32CubeIDE/plugins/com.st.stm32cube.ide.mcu.externaltools.gnu-tools-for-stm32.11.3.rel1.win32_1.1.0.202305231506/tools/bin/../lib/gcc/arm-none-eabi/11.3.1/../../../../arm-none-eabi/lib/thumb/v7e-m+fp/hard\libc_nano.a(libc_a-reallocr.o)
                0x000000000800f862                _realloc_r
 .text.__sfputc_r
                0x000000000800f8c0       0x2e C:/ST/STM32CubeIDE_1.9.0/STM32CubeIDE/plugins/com.st.stm32cube.ide.mcu.externaltools.gnu-tools-for-stm32.11.3.rel1.win32_1.1.0.202305231506/tools/bin/../lib/gcc/arm-none-eabi/11.3.1/../../../../arm-none-eabi/lib/thumb/v7e-m+fp/hard\libc_nano.a(libc_a-nano-vfprintf.o)
 .text.__sfputs_r
                0x000000000800f8ee       0x24 C:/ST/STM32CubeIDE_1.9.0/STM32CubeIDE/plugins/com.st.stm32cube.ide.mcu.externaltools.gnu-tools-for-stm32.11.3.rel1.win32_1.1.0.202305231506/tools/bin/../lib/gcc/arm-none-eabi/11.3.1/../../../../arm-none-eabi/lib/thumb/v7e-m+fp/hard\libc_nano.a(libc_a-nano-vfprintf.o)
                0x000000000800f8ee                __sfputs_r
 *fill*         0x000000000800f912        0x2 
 .text._vfprintf_r
                0x000000000800f914      0x234 C:/ST/STM32CubeIDE_1.9.0/STM32CubeIDE/plugins/com.st.stm32cube.ide.mcu.externaltools.gnu-tools-for-stm32.11.3.rel1.win32_1.1.0.202305231506/tools/bin/../lib/gcc/arm-none-eabi/11.3.1/../../../../arm-none-eabi/lib/thumb/v7e-m+fp/hard\libc_nano.a(libc_a-nano-vfprintf.o)
                0x000000000800f914                _vfprintf_r
                0x000000000800f914                _vfiprintf_r
 .text.__swbuf_r
                0x000000000800fb48       0x7a C:/ST/STM32CubeIDE_1.9.0/STM32CubeIDE/plugins/com.st.stm32cube.ide.mcu.externaltools.gnu-tools-for-stm32.11.3.rel1.win32_1.1.0.202305231506/tools/bin/../lib/gcc/arm-none-eabi/11.3.1/../../../../arm-none-eabi/lib/thumb/v7e-m+fp/hard\libc_nano.a(libc_a-wbuf.o)
                0x000000000800fb48                __swbuf_r
 *fill*         0x000000000800fbc2        0x2 
 .text.__swsetup_r
                0x000000000800fbc4       0xb0 C:/ST/STM32CubeIDE_1.9.0/STM32CubeIDE/plugins/com.st.stm32cube.ide.mcu.externaltools.gnu-tools-for-stm32.11.3.rel1.win32_1.1.0.202305231506/tools/bin/../lib/gcc/arm-none-eabi/11.3.1/../../../../arm-none-eabi/lib/thumb/v7e-m+fp/hard\libc_nano.a(libc_a-wsetup.o)
                0x000000000800fbc4                __swsetup_r
 .text._raise_r
                0x000000000800fc74       0x50 C:/ST/STM32CubeIDE_1.9.0/STM32CubeIDE/plugins/com.st.stm32cube.ide.mcu.externaltools.gnu-tools-for-stm32.11.3.rel1.win32_1.1.0.202305231506/tools/bin/../lib/gcc/arm-none-eabi/11.3.1/../../../../arm-none-eabi/lib/thumb/v7e-m+fp/hard\libc_nano.a(libc_a-signal.o)
                0x000000000800fc74                _raise_r
 .text.raise    0x000000000800fcc4       0x10 C:/ST/STM32CubeIDE_1.9.0/STM32CubeIDE/plugins/com.st.stm32cube.ide.mcu.externaltools.gnu-tools-for-stm32.11.3.rel1.win32_1.1.0.202305231506/tools/bin/../lib/gcc/arm-none-eabi/11.3.1/../../../../arm-none-eabi/lib/thumb/v7e-m+fp/hard\libc_nano.a(libc_a-signal.o)
                0x000000000800fcc4                raise
 .text._kill_r  0x000000000800fcd4       0x24 C:/ST/STM32CubeIDE_1.9.0/STM32CubeIDE/plugins/com.st.stm32cube.ide.mcu.externaltools.gnu-tools-for-stm32.11.3.rel1.win32_1.1.0.202305231506/tools/bin/../lib/gcc/arm-none-eabi/11.3.1/../../../../arm-none-eabi/lib/thumb/v7e-m+fp/hard\libc_nano.a(libc_a-signalr.o)
                0x000000000800fcd4                _kill_r
 .text._getpid_r
                0x000000000800fcf8        0x4 C:/ST/STM32CubeIDE_1.9.0/STM32CubeIDE/plugins/com.st.stm32cube.ide.mcu.externaltools.gnu-tools-for-stm32.11.3.rel1.win32_1.1.0.202305231506/tools/bin/../lib/gcc/arm-none-eabi/11.3.1/../../../../arm-none-eabi/lib/thumb/v7e-m+fp/hard\libc_nano.a(libc_a-signalr.o)
                0x000000000800fcf8                _getpid_r
 .text._malloc_usable_size_r
                0x000000000800fcfc       0x10 C:/ST/STM32CubeIDE_1.9.0/STM32CubeIDE/plugins/com.st.stm32cube.ide.mcu.externaltools.gnu-tools-for-stm32.11.3.rel1.win32_1.1.0.202305231506/tools/bin/../lib/gcc/arm-none-eabi/11.3.1/../../../../arm-none-eabi/lib/thumb/v7e-m+fp/hard\libc_nano.a(libc_a-msizer.o)
                0x000000000800fcfc                _malloc_usable_size_r
 .text.__swhatbuf_r
                0x000000000800fd0c       0x4c C:/ST/STM32CubeIDE_1.9.0/STM32CubeIDE/plugins/com.st.stm32cube.ide.mcu.externaltools.gnu-tools-for-stm32.11.3.rel1.win32_1.1.0.202305231506/tools/bin/../lib/gcc/arm-none-eabi/11.3.1/../../../../arm-none-eabi/lib/thumb/v7e-m+fp/hard\libc_nano.a(libc_a-makebuf.o)
                0x000000000800fd0c                __swhatbuf_r
 .text.__smakebuf_r
                0x000000000800fd58       0x78 C:/ST/STM32CubeIDE_1.9.0/STM32CubeIDE/plugins/com.st.stm32cube.ide.mcu.externaltools.gnu-tools-for-stm32.11.3.rel1.win32_1.1.0.202305231506/tools/bin/../lib/gcc/arm-none-eabi/11.3.1/../../../../arm-none-eabi/lib/thumb/v7e-m+fp/hard\libc_nano.a(libc_a-makebuf.o)
                0x000000000800fd58                __smakebuf_r
 .text._fstat_r
                0x000000000800fdd0       0x24 C:/ST/STM32CubeIDE_1.9.0/STM32CubeIDE/plugins/com.st.stm32cube.ide.mcu.externaltools.gnu-tools-for-stm32.11.3.rel1.win32_1.1.0.202305231506/tools/bin/../lib/gcc/arm-none-eabi/11.3.1/../../../../arm-none-eabi/lib/thumb/v7e-m+fp/hard\libc_nano.a(libc_a-fstatr.o)
                0x000000000800fdd0                _fstat_r
 .text._isatty_r
                0x000000000800fdf4       0x20 C:/ST/STM32CubeIDE_1.9.0/STM32CubeIDE/plugins/com.st.stm32cube.ide.mcu.externaltools.gnu-tools-for-stm32.11.3.rel1.win32_1.1.0.202305231506/tools/bin/../lib/gcc/arm-none-eabi/11.3.1/../../../../arm-none-eabi/lib/thumb/v7e-m+fp/hard\libc_nano.a(libc_a-isattyr.o)
                0x000000000800fdf4                _isatty_r
 *(.glue_7)
 .glue_7        0x000000000800fe14        0x0 linker stubs
 *(.glue_7t)
 .glue_7t       0x000000000800fe14        0x0 linker stubs
 *(.eh_frame)
 .eh_frame      0x000000000800fe14        0x0 C:/ST/STM32CubeIDE_1.9.0/STM32CubeIDE/plugins/com.st.stm32cube.ide.mcu.externaltools.gnu-tools-for-stm32.11.3.rel1.win32_1.1.0.202305231506/tools/bin/../lib/gcc/arm-none-eabi/11.3.1/thumb/v7e-m+fp/hard/crtbegin.o
 *(.init)
 .init          0x000000000800fe14        0x4 C:/ST/STM32CubeIDE_1.9.0/STM32CubeIDE/plugins/com.st.stm32cube.ide.mcu.externaltools.gnu-tools-for-stm32.11.3.rel1.win32_1.1.0.202305231506/tools/bin/../lib/gcc/arm-none-eabi/11.3.1/thumb/v7e-m+fp/hard/crti.o
                0x000000000800fe14                _init
 .init          0x000000000800fe18        0x8 C:/ST/STM32CubeIDE_1.9.0/STM32CubeIDE/plugins/com.st.stm32cube.ide.mcu.externaltools.gnu-tools-for-stm32.11.3.rel1.win32_1.1.0.202305231506/tools/bin/../lib/gcc/arm-none-eabi/11.3.1/thumb/v7e-m+fp/hard/crtn.o
 *(.fini)
 .fini          0x000000000800fe20        0x4 C:/ST/STM32CubeIDE_1.9.0/STM32CubeIDE/plugins/com.st.stm32cube.ide.mcu.externaltools.gnu-tools-for-stm32.11.3.rel1.win32_1.1.0.202305231506/tools/bin/../lib/gcc/arm-none-eabi/11.3.1/thumb/v7e-m+fp/hard/crti.o
                0x000000000800fe20                _fini
 .fini          0x000000000800fe24        0x8 C:/ST/STM32CubeIDE_1.9.0/STM32CubeIDE/plugins/com.st.stm32cube.ide.mcu.externaltools.gnu-tools-for-stm32.11.3.rel1.win32_1.1.0.202305231506/tools/bin/../lib/gcc/arm-none-eabi/11.3.1/thumb/v7e-m+fp/hard/crtn.o
                0x000000000800fe2c                . = ALIGN (0x4)
                0x000000000800fe2c                _etext = .

.vfp11_veneer   0x000000000800fe2c        0x0
 .vfp11_veneer  0x000000000800fe2c        0x0 linker stubs

.v4_bx          0x000000000800fe2c        0x0
 .v4_bx         0x000000000800fe2c        0x0 linker stubs

.iplt           0x000000000800fe2c        0x0
 .iplt          0x000000000800fe2c        0x0 C:/ST/STM32CubeIDE_1.9.0/STM32CubeIDE/plugins/com.st.stm32cube.ide.mcu.externaltools.gnu-tools-for-stm32.11.3.rel1.win32_1.1.0.202305231506/tools/bin/../lib/gcc/arm-none-eabi/11.3.1/thumb/v7e-m+fp/hard/crtbegin.o

.rodata         0x000000000800fe2c      0x7ec
                0x000000000800fe2c                . = ALIGN (0x4)
 *(.rodata)
 .rodata        0x000000000800fe2c      0x2d6 ./Core/Src/main.o
 *fill*         0x0000000008010102        0x2 
 .rodata        0x0000000008010104      0x213 ./ESP8266/ESP8266_Chelo.o
 *fill*         0x0000000008010317        0x1 
 .rodata        0x0000000008010318       0x5d ./HTTP/http.o
 *fill*         0x0000000008010375        0x3 
 .rodata        0x0000000008010378       0x95 ./STM32_ETH_W5500/ETH_W5500.o
 *fill*         0x000000000801040d        0x3 
 .rodata        0x0000000008010410        0xb ./STRING/STR_Chelo.o
 *(.rodata*)
 *fill*         0x000000000801041b        0x1 
 .rodata.AHBPrescTable
                0x000000000801041c       0x10 ./Core/Src/system_stm32f4xx.o
                0x000000000801041c                AHBPrescTable
 .rodata.APBPrescTable
                0x000000000801042c        0x8 ./Core/Src/system_stm32f4xx.o
                0x000000000801042c                APBPrescTable
 .rodata._ctype_
                0x0000000008010434      0x101 C:/ST/STM32CubeIDE_1.9.0/STM32CubeIDE/plugins/com.st.stm32cube.ide.mcu.externaltools.gnu-tools-for-stm32.11.3.rel1.win32_1.1.0.202305231506/tools/bin/../lib/gcc/arm-none-eabi/11.3.1/../../../../arm-none-eabi/lib/thumb/v7e-m+fp/hard\libc_nano.a(libc_a-ctype_.o)
                0x0000000008010434                _ctype_
 .rodata.strtok.str1.1
                0x0000000008010535       0x71 C:/ST/STM32CubeIDE_1.9.0/STM32CubeIDE/plugins/com.st.stm32cube.ide.mcu.externaltools.gnu-tools-for-stm32.11.3.rel1.win32_1.1.0.202305231506/tools/bin/../lib/gcc/arm-none-eabi/11.3.1/../../../../arm-none-eabi/lib/thumb/v7e-m+fp/hard\libc_nano.a(libc_a-strtok.o)
 .rodata.__assert_func.str1.1
                0x00000000080105a6       0x3c C:/ST/STM32CubeIDE_1.9.0/STM32CubeIDE/plugins/com.st.stm32cube.ide.mcu.externaltools.gnu-tools-for-stm32.11.3.rel1.win32_1.1.0.202305231506/tools/bin/../lib/gcc/arm-none-eabi/11.3.1/../../../../arm-none-eabi/lib/thumb/v7e-m+fp/hard\libc_nano.a(libc_a-assert.o)
                                         0x3d (size before relaxing)
 .rodata._svfprintf_r.str1.1
                0x00000000080105e2       0x11 C:/ST/STM32CubeIDE_1.9.0/STM32CubeIDE/plugins/com.st.stm32cube.ide.mcu.externaltools.gnu-tools-for-stm32.11.3.rel1.win32_1.1.0.202305231506/tools/bin/../lib/gcc/arm-none-eabi/11.3.1/../../../../arm-none-eabi/lib/thumb/v7e-m+fp/hard\libc_nano.a(libc_a-nano-svfprintf.o)
 .rodata._printf_i.str1.1
                0x00000000080105f3       0x22 C:/ST/STM32CubeIDE_1.9.0/STM32CubeIDE/plugins/com.st.stm32cube.ide.mcu.externaltools.gnu-tools-for-stm32.11.3.rel1.win32_1.1.0.202305231506/tools/bin/../lib/gcc/arm-none-eabi/11.3.1/../../../../arm-none-eabi/lib/thumb/v7e-m+fp/hard\libc_nano.a(libc_a-nano-vfprintf_i.o)
 .rodata._vfprintf_r.str1.1
                0x0000000008010615       0x11 C:/ST/STM32CubeIDE_1.9.0/STM32CubeIDE/plugins/com.st.stm32cube.ide.mcu.externaltools.gnu-tools-for-stm32.11.3.rel1.win32_1.1.0.202305231506/tools/bin/../lib/gcc/arm-none-eabi/11.3.1/../../../../arm-none-eabi/lib/thumb/v7e-m+fp/hard\libc_nano.a(libc_a-nano-vfprintf.o)
                0x0000000008010628                . = ALIGN (0x4)
 *fill*         0x0000000008010615        0x3 

.ARM.extab      0x0000000008010618        0x0
                0x0000000008010618                . = ALIGN (0x4)
 *(.ARM.extab* .gnu.linkonce.armextab.*)
                0x0000000008010618                . = ALIGN (0x4)

.ARM            0x0000000008010618        0x8
                0x0000000008010618                . = ALIGN (0x4)
                0x0000000008010618                __exidx_start = .
 *(.ARM.exidx*)
 .ARM.exidx     0x0000000008010618        0x8 C:/ST/STM32CubeIDE_1.9.0/STM32CubeIDE/plugins/com.st.stm32cube.ide.mcu.externaltools.gnu-tools-for-stm32.11.3.rel1.win32_1.1.0.202305231506/tools/bin/../lib/gcc/arm-none-eabi/11.3.1/thumb/v7e-m+fp/hard\libgcc.a(_udivmoddi4.o)
                0x0000000008010620                __exidx_end = .
                0x0000000008010620                . = ALIGN (0x4)

.rel.dyn        0x0000000008010620        0x0
 .rel.iplt      0x0000000008010620        0x0 C:/ST/STM32CubeIDE_1.9.0/STM32CubeIDE/plugins/com.st.stm32cube.ide.mcu.externaltools.gnu-tools-for-stm32.11.3.rel1.win32_1.1.0.202305231506/tools/bin/../lib/gcc/arm-none-eabi/11.3.1/thumb/v7e-m+fp/hard/crtbegin.o

.preinit_array  0x0000000008010620        0x0
                0x0000000008010620                . = ALIGN (0x4)
                0x0000000008010620                PROVIDE (__preinit_array_start = .)
 *(.preinit_array*)
                0x0000000008010620                PROVIDE (__preinit_array_end = .)
                0x0000000008010620                . = ALIGN (0x4)

.init_array     0x0000000008010620        0x4
                0x0000000008010620                . = ALIGN (0x4)
                0x0000000008010620                PROVIDE (__init_array_start = .)
 *(SORT_BY_NAME(.init_array.*))
 *(.init_array*)
 .init_array    0x0000000008010620        0x4 C:/ST/STM32CubeIDE_1.9.0/STM32CubeIDE/plugins/com.st.stm32cube.ide.mcu.externaltools.gnu-tools-for-stm32.11.3.rel1.win32_1.1.0.202305231506/tools/bin/../lib/gcc/arm-none-eabi/11.3.1/thumb/v7e-m+fp/hard/crtbegin.o
                0x0000000008010624                PROVIDE (__init_array_end = .)
                0x0000000008010624                . = ALIGN (0x4)

.fini_array     0x0000000008010624        0x4
                0x0000000008010624                . = ALIGN (0x4)
                [!provide]                        PROVIDE (__fini_array_start = .)
 *(SORT_BY_NAME(.fini_array.*))
 *(.fini_array*)
 .fini_array    0x0000000008010624        0x4 C:/ST/STM32CubeIDE_1.9.0/STM32CubeIDE/plugins/com.st.stm32cube.ide.mcu.externaltools.gnu-tools-for-stm32.11.3.rel1.win32_1.1.0.202305231506/tools/bin/../lib/gcc/arm-none-eabi/11.3.1/thumb/v7e-m+fp/hard/crtbegin.o
                [!provide]                        PROVIDE (__fini_array_end = .)
                0x0000000008010628                . = ALIGN (0x4)
                0x0000000008010628                _sidata = LOADADDR (.data)

.data           0x0000000020000000      0x198 load address 0x0000000008010628
                0x0000000020000000                . = ALIGN (0x4)
                0x0000000020000000                _sdata = .
 *(.data)
 *(.data*)
 .data.ENDPOINT
                0x0000000020000000        0x9 ./Core/Src/main.o
                0x0000000020000000                ENDPOINT
 *fill*         0x0000000020000009        0x3 
 .data.SERVER_IP
                0x000000002000000c        0xd ./Core/Src/main.o
                0x000000002000000c                SERVER_IP
 *fill*         0x0000000020000019        0x3 
 .data.PORT     0x000000002000001c        0x5 ./Core/Src/main.o
                0x000000002000001c                PORT
 *fill*         0x0000000020000021        0x3 
 .data.WIFI_NET
                0x0000000020000024        0x8 ./Core/Src/main.o
                0x0000000020000024                WIFI_NET
 .data.WIFI_PASS
                0x000000002000002c        0x9 ./Core/Src/main.o
                0x000000002000002c                WIFI_PASS
 *fill*         0x0000000020000035        0x3 
 .data.TCP_SERVER
                0x0000000020000038        0xd ./Core/Src/main.o
                0x0000000020000038                TCP_SERVER
 *fill*         0x0000000020000045        0x3 
 .data.TCP_PORT
                0x0000000020000048        0x5 ./Core/Src/main.o
                0x0000000020000048                TCP_PORT
 *fill*         0x000000002000004d        0x3 
 .data.TCP_SERVER_LOCAL
                0x0000000020000050        0xd ./Core/Src/main.o
                0x0000000020000050                TCP_SERVER_LOCAL
 *fill*         0x000000002000005d        0x3 
 .data.TCP_SERVER_LOCAL_GWY
                0x0000000020000060        0xd ./Core/Src/main.o
                0x0000000020000060                TCP_SERVER_LOCAL_GWY
 *fill*         0x000000002000006d        0x3 
 .data.TCP_SERVER_LOCAL_MSK
                0x0000000020000070        0xe ./Core/Src/main.o
                0x0000000020000070                TCP_SERVER_LOCAL_MSK
 *fill*         0x000000002000007e        0x2 
 .data.TCP_PORT_LOCAL
                0x0000000020000080        0x4 ./Core/Src/main.o
                0x0000000020000080                TCP_PORT_LOCAL
 .data.SystemCoreClock
                0x0000000020000084        0x4 ./Core/Src/system_stm32f4xx.o
                0x0000000020000084                SystemCoreClock
 .data.uwTickPrio
                0x0000000020000088        0x4 ./Drivers/STM32F4xx_HAL_Driver/Src/stm32f4xx_hal.o
                0x0000000020000088                uwTickPrio
 .data.uwTickFreq
                0x000000002000008c        0x1 ./Drivers/STM32F4xx_HAL_Driver/Src/stm32f4xx_hal.o
                0x000000002000008c                uwTickFreq
 *fill*         0x000000002000008d        0x3 
 .data.cartucho
                0x0000000020000090       0x10 ./HTTP/http.o
                0x0000000020000090                cartucho
 .data.filtro   0x00000000200000a0        0xe ./HTTP/http.o
                0x00000000200000a0                filtro
 *fill*         0x00000000200000ae        0x2 
 .data.ev1      0x00000000200000b0        0xe ./HTTP/http.o
                0x00000000200000b0                ev1
 *fill*         0x00000000200000be        0x2 
 .data.ev2      0x00000000200000c0        0xe ./HTTP/http.o
                0x00000000200000c0                ev2
 *fill*         0x00000000200000ce        0x2 
 .data.ev3      0x00000000200000d0        0xe ./HTTP/http.o
                0x00000000200000d0                ev3
 *fill*         0x00000000200000de        0x2 
 .data.ev4      0x00000000200000e0        0xe ./HTTP/http.o
                0x00000000200000e0                ev4
 *fill*         0x00000000200000ee        0x2 
 .data.ev5      0x00000000200000f0        0xe ./HTTP/http.o
                0x00000000200000f0                ev5
 *fill*         0x00000000200000fe        0x2 
 .data.ev6      0x0000000020000100        0xe ./HTTP/http.o
                0x0000000020000100                ev6
 *fill*         0x000000002000010e        0x2 
 .data.ev7      0x0000000020000110        0xe ./HTTP/http.o
                0x0000000020000110                ev7
 *fill*         0x000000002000011e        0x2 
 .data.ev8      0x0000000020000120        0xe ./HTTP/http.o
                0x0000000020000120                ev8
 *fill*         0x000000002000012e        0x2 
 .data.deviceId
                0x0000000020000130        0xa ./HTTP/http.o
                0x0000000020000130                deviceId
 *fill*         0x000000002000013a        0x2 
 .data.__sglue  0x000000002000013c        0xc C:/ST/STM32CubeIDE_1.9.0/STM32CubeIDE/plugins/com.st.stm32cube.ide.mcu.externaltools.gnu-tools-for-stm32.11.3.rel1.win32_1.1.0.202305231506/tools/bin/../lib/gcc/arm-none-eabi/11.3.1/../../../../arm-none-eabi/lib/thumb/v7e-m+fp/hard\libc_nano.a(libc_a-findfp.o)
                0x000000002000013c                __sglue
 .data._impure_data
                0x0000000020000148       0x4c C:/ST/STM32CubeIDE_1.9.0/STM32CubeIDE/plugins/com.st.stm32cube.ide.mcu.externaltools.gnu-tools-for-stm32.11.3.rel1.win32_1.1.0.202305231506/tools/bin/../lib/gcc/arm-none-eabi/11.3.1/../../../../arm-none-eabi/lib/thumb/v7e-m+fp/hard\libc_nano.a(libc_a-impure.o)
                0x0000000020000148                _impure_data
 .data._impure_ptr
                0x0000000020000194        0x4 C:/ST/STM32CubeIDE_1.9.0/STM32CubeIDE/plugins/com.st.stm32cube.ide.mcu.externaltools.gnu-tools-for-stm32.11.3.rel1.win32_1.1.0.202305231506/tools/bin/../lib/gcc/arm-none-eabi/11.3.1/../../../../arm-none-eabi/lib/thumb/v7e-m+fp/hard\libc_nano.a(libc_a-impure.o)
                0x0000000020000194                _impure_ptr
 *(.RamFunc)
 *(.RamFunc*)
                0x0000000020000198                . = ALIGN (0x4)
                0x0000000020000198                _edata = .

.igot.plt       0x0000000020000198        0x0 load address 0x00000000080107c0
 .igot.plt      0x0000000020000198        0x0 C:/ST/STM32CubeIDE_1.9.0/STM32CubeIDE/plugins/com.st.stm32cube.ide.mcu.externaltools.gnu-tools-for-stm32.11.3.rel1.win32_1.1.0.202305231506/tools/bin/../lib/gcc/arm-none-eabi/11.3.1/thumb/v7e-m+fp/hard/crtbegin.o
                0x0000000020000198                . = ALIGN (0x4)

.bss            0x0000000020000198     0x43ac load address 0x00000000080107c0
                0x0000000020000198                _sbss = .
                0x0000000020000198                __bss_start__ = _sbss
 *(.bss)
 .bss           0x0000000020000198       0x1c C:/ST/STM32CubeIDE_1.9.0/STM32CubeIDE/plugins/com.st.stm32cube.ide.mcu.externaltools.gnu-tools-for-stm32.11.3.rel1.win32_1.1.0.202305231506/tools/bin/../lib/gcc/arm-none-eabi/11.3.1/thumb/v7e-m+fp/hard/crtbegin.o
 *(.bss*)
 .bss.hspi1     0x00000000200001b4       0x58 ./Core/Src/main.o
                0x00000000200001b4                hspi1
 .bss.htim2     0x000000002000020c       0x48 ./Core/Src/main.o
                0x000000002000020c                htim2
 .bss.huart1    0x0000000020000254       0x44 ./Core/Src/main.o
                0x0000000020000254                huart1
 .bss.ms_ticks  0x0000000020000298        0x4 ./Core/Src/main.o
                0x0000000020000298                ms_ticks
 .bss.min_ticks
                0x000000002000029c        0x4 ./Core/Src/main.o
                0x000000002000029c                min_ticks
 .bss.ETH       0x00000000200002a0     0x1074 ./Core/Src/main.o
                0x00000000200002a0                ETH
 .bss.ETH_SPY   0x0000000020001314     0x105a ./Core/Src/main.o
                0x0000000020001314                ETH_SPY
 *fill*         0x000000002000236e        0x2 
 .bss.wf        0x0000000020002370      0xd4c ./Core/Src/main.o
                0x0000000020002370                wf
 .bss.mb_eth    0x00000000200030bc      0x54c ./Core/Src/main.o
                0x00000000200030bc                mb_eth
 .bss.mb_wf     0x0000000020003608      0x54c ./Core/Src/main.o
                0x0000000020003608                mb_wf
 .bss.post      0x0000000020003b54      0x200 ./Core/Src/main.o
                0x0000000020003b54                post
 .bss.body      0x0000000020003d54      0x200 ./Core/Src/main.o
                0x0000000020003d54                body
 .bss.ETH_DBG_EN
                0x0000000020003f54        0x1 ./Core/Src/main.o
                0x0000000020003f54                ETH_DBG_EN
 .bss.WF_SND_FLAG
                0x0000000020003f55        0x1 ./Core/Src/main.o
                0x0000000020003f55                WF_SND_FLAG
 *fill*         0x0000000020003f56        0x2 
 .bss.wf_snd_flag_ticks
                0x0000000020003f58        0x4 ./Core/Src/main.o
                0x0000000020003f58                wf_snd_flag_ticks
 .bss.S0_get_size
                0x0000000020003f5c        0x2 ./Core/Src/main.o
                0x0000000020003f5c                S0_get_size
 .bss.tx_mem_pointer
                0x0000000020003f5e        0x2 ./Core/Src/main.o
                0x0000000020003f5e                tx_mem_pointer
 .bss.rx_mem_pointer
                0x0000000020003f60        0x2 ./Core/Src/main.o
                0x0000000020003f60                rx_mem_pointer
 .bss.send_size
                0x0000000020003f62        0x2 ./Core/Src/main.o
                0x0000000020003f62                send_size
 .bss.spi_Data  0x0000000020003f64       0x40 ./Core/Src/main.o
                0x0000000020003f64                spi_Data
 .bss.spi_no_debug
                0x0000000020003fa4        0x1 ./Core/Src/main.o
                0x0000000020003fa4                spi_no_debug
 .bss.ESP_REinit
                0x0000000020003fa5        0x1 ./Core/Src/main.o
                0x0000000020003fa5                ESP_REinit
 .bss.ESP_InitF
                0x0000000020003fa6        0x1 ./Core/Src/main.o
                0x0000000020003fa6                ESP_InitF
 .bss.ESP_HW_Init
                0x0000000020003fa7        0x1 ./Core/Src/main.o
                0x0000000020003fa7                ESP_HW_Init
 .bss.EN_UART1_TMR
                0x0000000020003fa8        0x1 ./Core/Src/main.o
                0x0000000020003fa8                EN_UART1_TMR
 .bss.EN_USART1_TMR
                0x0000000020003fa9        0x1 ./Core/Src/main.o
                0x0000000020003fa9                EN_USART1_TMR
 .bss.FLAG_TIMEOUT
                0x0000000020003faa        0x1 ./Core/Src/main.o
                0x0000000020003faa                FLAG_TIMEOUT
 .bss.FLAG_UART1
                0x0000000020003fab        0x1 ./Core/Src/main.o
                0x0000000020003fab                FLAG_UART1
 .bss.resultado
                0x0000000020003fac        0x1 ./Core/Src/main.o
                0x0000000020003fac                resultado
 .bss.error_rxdata
                0x0000000020003fad        0x1 ./Core/Src/main.o
                0x0000000020003fad                error_rxdata
 .bss.esp_restart
                0x0000000020003fae        0x1 ./Core/Src/main.o
                0x0000000020003fae                esp_restart
 .bss.conexion  0x0000000020003faf        0x1 ./Core/Src/main.o
                0x0000000020003faf                conexion
 .bss.asc       0x0000000020003fb0        0x1 ./Core/Src/main.o
                0x0000000020003fb0                asc
 *fill*         0x0000000020003fb1        0x3 
 .bss.SPI_READ_EN
                0x0000000020003fb4        0x4 ./Core/Src/main.o
                0x0000000020003fb4                SPI_READ_EN
 .bss.UART_RX_vect
                0x0000000020003fb8      0x200 ./Core/Src/main.o
                0x0000000020003fb8                UART_RX_vect
 .bss.UART_RX_vect_hld
                0x00000000200041b8      0x200 ./Core/Src/main.o
                0x00000000200041b8                UART_RX_vect_hld
 .bss.CMP_VECT  0x00000000200043b8        0x2 ./Core/Src/main.o
                0x00000000200043b8                CMP_VECT
 *fill*         0x00000000200043ba        0x2 
 .bss.UART_RX_byte
                0x00000000200043bc        0x2 ./Core/Src/main.o
                0x00000000200043bc                UART_RX_byte
 *fill*         0x00000000200043be        0x2 
 .bss.UART_RX_items
                0x00000000200043c0        0x4 ./Core/Src/main.o
                0x00000000200043c0                UART_RX_items
 .bss.ESP_ticks
                0x00000000200043c4        0x4 ./Core/Src/main.o
                0x00000000200043c4                ESP_ticks
 .bss.MBUS_ticks
                0x00000000200043c8        0x4 ./Core/Src/main.o
                0x00000000200043c8                MBUS_ticks
 .bss.MB_TOUT_ticks
                0x00000000200043cc        0x4 ./Core/Src/main.o
                0x00000000200043cc                MB_TOUT_ticks
 .bss.ticks     0x00000000200043d0        0x4 ./Core/Src/main.o
                0x00000000200043d0                ticks
 .bss.ntestc    0x00000000200043d4        0x4 ./Core/Src/main.o
                0x00000000200043d4                ntestc
 .bss.uart1pass
                0x00000000200043d8        0x4 ./Core/Src/main.o
                0x00000000200043d8                uart1pass
 .bss.USART1_ticks
                0x00000000200043dc        0x4 ./Core/Src/main.o
                0x00000000200043dc                USART1_ticks
 .bss.FLAG_USART1
                0x00000000200043e0        0x4 ./Core/Src/main.o
                0x00000000200043e0                FLAG_USART1
 .bss.items_rx  0x00000000200043e4        0x4 ./Core/Src/main.o
                0x00000000200043e4                items_rx
 .bss.UART_RX_pos
                0x00000000200043e8        0x4 ./Core/Src/main.o
                0x00000000200043e8                UART_RX_pos
 .bss.dbgn      0x00000000200043ec        0x4 ./Core/Src/main.o
                0x00000000200043ec                dbgn
 .bss.__sbrk_heap_end
                0x00000000200043f0        0x4 ./Core/Src/sysmem.o
 .bss.uwTick    0x00000000200043f4        0x4 ./Drivers/STM32F4xx_HAL_Driver/Src/stm32f4xx_hal.o
                0x00000000200043f4                uwTick
 .bss.__sf      0x00000000200043f8      0x138 C:/ST/STM32CubeIDE_1.9.0/STM32CubeIDE/plugins/com.st.stm32cube.ide.mcu.externaltools.gnu-tools-for-stm32.11.3.rel1.win32_1.1.0.202305231506/tools/bin/../lib/gcc/arm-none-eabi/11.3.1/../../../../arm-none-eabi/lib/thumb/v7e-m+fp/hard\libc_nano.a(libc_a-findfp.o)
                0x00000000200043f8                __sf
 .bss.__stdio_exit_handler
                0x0000000020004530        0x4 C:/ST/STM32CubeIDE_1.9.0/STM32CubeIDE/plugins/com.st.stm32cube.ide.mcu.externaltools.gnu-tools-for-stm32.11.3.rel1.win32_1.1.0.202305231506/tools/bin/../lib/gcc/arm-none-eabi/11.3.1/../../../../arm-none-eabi/lib/thumb/v7e-m+fp/hard\libc_nano.a(libc_a-findfp.o)
                0x0000000020004530                __stdio_exit_handler
 .bss.errno     0x0000000020004534        0x4 C:/ST/STM32CubeIDE_1.9.0/STM32CubeIDE/plugins/com.st.stm32cube.ide.mcu.externaltools.gnu-tools-for-stm32.11.3.rel1.win32_1.1.0.202305231506/tools/bin/../lib/gcc/arm-none-eabi/11.3.1/../../../../arm-none-eabi/lib/thumb/v7e-m+fp/hard\libc_nano.a(libc_a-reent.o)
                0x0000000020004534                errno
 .bss.__lock___malloc_recursive_mutex
                0x0000000020004538        0x1 C:/ST/STM32CubeIDE_1.9.0/STM32CubeIDE/plugins/com.st.stm32cube.ide.mcu.externaltools.gnu-tools-for-stm32.11.3.rel1.win32_1.1.0.202305231506/tools/bin/../lib/gcc/arm-none-eabi/11.3.1/../../../../arm-none-eabi/lib/thumb/v7e-m+fp/hard\libc_nano.a(libc_a-lock.o)
                0x0000000020004538                __lock___malloc_recursive_mutex
 .bss.__lock___sfp_recursive_mutex
                0x0000000020004539        0x1 C:/ST/STM32CubeIDE_1.9.0/STM32CubeIDE/plugins/com.st.stm32cube.ide.mcu.externaltools.gnu-tools-for-stm32.11.3.rel1.win32_1.1.0.202305231506/tools/bin/../lib/gcc/arm-none-eabi/11.3.1/../../../../arm-none-eabi/lib/thumb/v7e-m+fp/hard\libc_nano.a(libc_a-lock.o)
                0x0000000020004539                __lock___sfp_recursive_mutex
 *fill*         0x000000002000453a        0x2 
 .bss.__malloc_free_list
                0x000000002000453c        0x4 C:/ST/STM32CubeIDE_1.9.0/STM32CubeIDE/plugins/com.st.stm32cube.ide.mcu.externaltools.gnu-tools-for-stm32.11.3.rel1.win32_1.1.0.202305231506/tools/bin/../lib/gcc/arm-none-eabi/11.3.1/../../../../arm-none-eabi/lib/thumb/v7e-m+fp/hard\libc_nano.a(libc_a-mallocr.o)
                0x000000002000453c                __malloc_free_list
 .bss.__malloc_sbrk_start
                0x0000000020004540        0x4 C:/ST/STM32CubeIDE_1.9.0/STM32CubeIDE/plugins/com.st.stm32cube.ide.mcu.externaltools.gnu-tools-for-stm32.11.3.rel1.win32_1.1.0.202305231506/tools/bin/../lib/gcc/arm-none-eabi/11.3.1/../../../../arm-none-eabi/lib/thumb/v7e-m+fp/hard\libc_nano.a(libc_a-mallocr.o)
                0x0000000020004540                __malloc_sbrk_start
 *(COMMON)
                0x0000000020004544                . = ALIGN (0x4)
                0x0000000020004544                _ebss = .
                0x0000000020004544                __bss_end__ = _ebss

._user_heap_stack
                0x0000000020004544      0x604 load address 0x00000000080107c0
                0x0000000020004548                . = ALIGN (0x8)
 *fill*         0x0000000020004544        0x4 
                [!provide]                        PROVIDE (end = .)
                0x0000000020004548                PROVIDE (_end = .)
                0x0000000020004748                . = (. + _Min_Heap_Size)
 *fill*         0x0000000020004548      0x200 
                0x0000000020004b48                . = (. + _Min_Stack_Size)
 *fill*         0x0000000020004748      0x400 
                0x0000000020004b48                . = ALIGN (0x8)

/DISCARD/
 libc.a(*)
 libm.a(*)
 libgcc.a(*)

.ARM.attributes
                0x0000000000000000       0x30
 *(.ARM.attributes)
 .ARM.attributes
                0x0000000000000000       0x1e C:/ST/STM32CubeIDE_1.9.0/STM32CubeIDE/plugins/com.st.stm32cube.ide.mcu.externaltools.gnu-tools-for-stm32.11.3.rel1.win32_1.1.0.202305231506/tools/bin/../lib/gcc/arm-none-eabi/11.3.1/thumb/v7e-m+fp/hard/crti.o
 .ARM.attributes
                0x000000000000001e       0x34 C:/ST/STM32CubeIDE_1.9.0/STM32CubeIDE/plugins/com.st.stm32cube.ide.mcu.externaltools.gnu-tools-for-stm32.11.3.rel1.win32_1.1.0.202305231506/tools/bin/../lib/gcc/arm-none-eabi/11.3.1/thumb/v7e-m+fp/hard/crtbegin.o
 .ARM.attributes
                0x0000000000000052       0x34 ./Core/Src/main.o
 .ARM.attributes
                0x0000000000000086       0x34 ./Core/Src/stm32f4xx_hal_msp.o
 .ARM.attributes
                0x00000000000000ba       0x34 ./Core/Src/stm32f4xx_it.o
 .ARM.attributes
                0x00000000000000ee       0x34 ./Core/Src/syscalls.o
 .ARM.attributes
                0x0000000000000122       0x34 ./Core/Src/sysmem.o
 .ARM.attributes
                0x0000000000000156       0x34 ./Core/Src/system_stm32f4xx.o
 .ARM.attributes
                0x000000000000018a       0x21 ./Core/Startup/startup_stm32f411ceux.o
 .ARM.attributes
                0x00000000000001ab       0x34 ./Drivers/STM32F4xx_HAL_Driver/Src/stm32f4xx_hal.o
 .ARM.attributes
                0x00000000000001df       0x34 ./Drivers/STM32F4xx_HAL_Driver/Src/stm32f4xx_hal_cortex.o
 .ARM.attributes
                0x0000000000000213       0x34 ./Drivers/STM32F4xx_HAL_Driver/Src/stm32f4xx_hal_dma.o
 .ARM.attributes
                0x0000000000000247       0x34 ./Drivers/STM32F4xx_HAL_Driver/Src/stm32f4xx_hal_gpio.o
 .ARM.attributes
                0x000000000000027b       0x34 ./Drivers/STM32F4xx_HAL_Driver/Src/stm32f4xx_hal_rcc.o
 .ARM.attributes
                0x00000000000002af       0x34 ./Drivers/STM32F4xx_HAL_Driver/Src/stm32f4xx_hal_spi.o
 .ARM.attributes
                0x00000000000002e3       0x34 ./Drivers/STM32F4xx_HAL_Driver/Src/stm32f4xx_hal_tim.o
 .ARM.attributes
                0x0000000000000317       0x34 ./Drivers/STM32F4xx_HAL_Driver/Src/stm32f4xx_hal_tim_ex.o
 .ARM.attributes
                0x000000000000034b       0x34 ./Drivers/STM32F4xx_HAL_Driver/Src/stm32f4xx_hal_uart.o
 .ARM.attributes
                0x000000000000037f       0x34 ./ESP8266/ESP8266_Chelo.o
 .ARM.attributes
                0x00000000000003b3       0x34 ./HTTP/http.o
 .ARM.attributes
                0x00000000000003e7       0x34 ./ModBUS/ModBUS_Chelo.o
 .ARM.attributes
                0x000000000000041b       0x34 ./STM32_ETH_W5500/ETH_W5500.o
 .ARM.attributes
                0x000000000000044f       0x34 ./STRING/STR_Chelo.o
 .ARM.attributes
                0x0000000000000483       0x34 C:/ST/STM32CubeIDE_1.9.0/STM32CubeIDE/plugins/com.st.stm32cube.ide.mcu.externaltools.gnu-tools-for-stm32.11.3.rel1.win32_1.1.0.202305231506/tools/bin/../lib/gcc/arm-none-eabi/11.3.1/../../../../arm-none-eabi/lib/thumb/v7e-m+fp/hard\libc_nano.a(libc_a-atoi.o)
 .ARM.attributes
                0x00000000000004b7       0x34 C:/ST/STM32CubeIDE_1.9.0/STM32CubeIDE/plugins/com.st.stm32cube.ide.mcu.externaltools.gnu-tools-for-stm32.11.3.rel1.win32_1.1.0.202305231506/tools/bin/../lib/gcc/arm-none-eabi/11.3.1/../../../../arm-none-eabi/lib/thumb/v7e-m+fp/hard\libc_nano.a(libc_a-strtol.o)
 .ARM.attributes
                0x00000000000004eb       0x34 C:/ST/STM32CubeIDE_1.9.0/STM32CubeIDE/plugins/com.st.stm32cube.ide.mcu.externaltools.gnu-tools-for-stm32.11.3.rel1.win32_1.1.0.202305231506/tools/bin/../lib/gcc/arm-none-eabi/11.3.1/../../../../arm-none-eabi/lib/thumb/v7e-m+fp/hard\libc_nano.a(libc_a-ctype_.o)
 .ARM.attributes
                0x000000000000051f       0x34 C:/ST/STM32CubeIDE_1.9.0/STM32CubeIDE/plugins/com.st.stm32cube.ide.mcu.externaltools.gnu-tools-for-stm32.11.3.rel1.win32_1.1.0.202305231506/tools/bin/../lib/gcc/arm-none-eabi/11.3.1/../../../../arm-none-eabi/lib/thumb/v7e-m+fp/hard\libc_nano.a(libc_a-findfp.o)
 .ARM.attributes
                0x0000000000000553       0x34 C:/ST/STM32CubeIDE_1.9.0/STM32CubeIDE/plugins/com.st.stm32cube.ide.mcu.externaltools.gnu-tools-for-stm32.11.3.rel1.win32_1.1.0.202305231506/tools/bin/../lib/gcc/arm-none-eabi/11.3.1/../../../../arm-none-eabi/lib/thumb/v7e-m+fp/hard\libc_nano.a(libc_a-fwalk.o)
 .ARM.attributes
                0x0000000000000587       0x34 C:/ST/STM32CubeIDE_1.9.0/STM32CubeIDE/plugins/com.st.stm32cube.ide.mcu.externaltools.gnu-tools-for-stm32.11.3.rel1.win32_1.1.0.202305231506/tools/bin/../lib/gcc/arm-none-eabi/11.3.1/../../../../arm-none-eabi/lib/thumb/v7e-m+fp/hard\libc_nano.a(libc_a-sprintf.o)
 .ARM.attributes
                0x00000000000005bb       0x34 C:/ST/STM32CubeIDE_1.9.0/STM32CubeIDE/plugins/com.st.stm32cube.ide.mcu.externaltools.gnu-tools-for-stm32.11.3.rel1.win32_1.1.0.202305231506/tools/bin/../lib/gcc/arm-none-eabi/11.3.1/../../../../arm-none-eabi/lib/thumb/v7e-m+fp/hard\libc_nano.a(libc_a-stdio.o)
 .ARM.attributes
                0x00000000000005ef       0x34 C:/ST/STM32CubeIDE_1.9.0/STM32CubeIDE/plugins/com.st.stm32cube.ide.mcu.externaltools.gnu-tools-for-stm32.11.3.rel1.win32_1.1.0.202305231506/tools/bin/../lib/gcc/arm-none-eabi/11.3.1/../../../../arm-none-eabi/lib/thumb/v7e-m+fp/hard\libc_nano.a(libc_a-memset.o)
 .ARM.attributes
                0x0000000000000623       0x34 C:/ST/STM32CubeIDE_1.9.0/STM32CubeIDE/plugins/com.st.stm32cube.ide.mcu.externaltools.gnu-tools-for-stm32.11.3.rel1.win32_1.1.0.202305231506/tools/bin/../lib/gcc/arm-none-eabi/11.3.1/../../../../arm-none-eabi/lib/thumb/v7e-m+fp/hard\libc_nano.a(libc_a-strncat.o)
 .ARM.attributes
                0x0000000000000657       0x34 C:/ST/STM32CubeIDE_1.9.0/STM32CubeIDE/plugins/com.st.stm32cube.ide.mcu.externaltools.gnu-tools-for-stm32.11.3.rel1.win32_1.1.0.202305231506/tools/bin/../lib/gcc/arm-none-eabi/11.3.1/../../../../arm-none-eabi/lib/thumb/v7e-m+fp/hard\libc_nano.a(libc_a-strtok.o)
 .ARM.attributes