../Drivers/CMSIS/Include/core_cm4.h:1816:22:__NVIC_SetPriority	16	static
../Drivers/CMSIS/Include/core_cm4.h:2022:26:SysTick_Config	16	static
../Drivers/CMSIS/Include/core_cm4.h:2064:26:ITM_SendChar	16	static,ignoring_inline_asm
../Core/Src/main.c:216:5:main	56	static
../Core/Src/main.c:590:6:SystemClock_Config	88	static
../Core/Src/main.c:636:13:MX_SPI1_Init	8	static
../Core/Src/main.c:674:13:MX_TIM2_Init	64	static
../Core/Src/main.c:736:13:MX_USART1_UART_Init	8	static
../Core/Src/main.c:769:13:MX_USART2_UART_Init	8	static
../Core/Src/main.c:802:13:MX_GPIO_Init	48	static
../Core/Src/main.c:864:5:ITM0_Write	24	static
../Core/Src/main.c:875:6:SysTick_Handler	536	static
../Core/Src/main.c:1289:6:HAL_UART_ErrorCallback	32	static
../Core/Src/main.c:1332:6:HAL_TIM_ErrorCallback	16	static
../Core/Src/main.c:1339:6:HAL_UART_RxCpltCallback	16	static
../Core/Src/main.c:1355:6:HAL_TIM_OC_DelayElapsedCallback	24	static
../Core/Src/main.c:1375:9:ESP8266_HW_Init	40	static
../Core/Src/main.c:1430:6:BorrarVect	4	static
../Core/Src/main.c:1445:6:Error_Handler	4	static,ignoring_inline_asm
